
Discarded input sections

 .note.GNU-stack
                0x0000000000000000        0x0 /usr/lib/gcc/x86_64-redhat-linux/4.4.7/../../../../lib64/crti.o
 .note.GNU-stack
                0x0000000000000000        0x0 /usr/lib/gcc/x86_64-redhat-linux/4.4.7/crtbeginS.o
 .group         0x0000000000000000        0x8 LINUX/depdom/AttrImpl.o
 _ZN11xercesc_2_810XMLDeleterD5Ev
                0x0000000000000000        0xc LINUX/depdom/AttrImpl.o
 .group         0x0000000000000000        0x8 LINUX/depdom/AttrImpl.o
 _ZN11xercesc_2_830ArrayIndexOutOfBoundsExceptionD5Ev
                0x0000000000000000        0xc LINUX/depdom/AttrImpl.o
 .group         0x0000000000000000        0x8 LINUX/depdom/AttrImpl.o
 .group         0x0000000000000000        0x8 LINUX/depdom/AttrImpl.o
 .group         0x0000000000000000        0x8 LINUX/depdom/AttrImpl.o
 .group         0x0000000000000000        0x8 LINUX/depdom/AttrImpl.o
 .group         0x0000000000000000        0x8 LINUX/depdom/AttrImpl.o
 .group         0x0000000000000000        0x8 LINUX/depdom/AttrImpl.o
 .group         0x0000000000000000        0x8 LINUX/depdom/AttrImpl.o
 .group         0x0000000000000000        0x8 LINUX/depdom/AttrImpl.o
 .group         0x0000000000000000        0x8 LINUX/depdom/AttrImpl.o
 .group         0x0000000000000000        0x8 LINUX/depdom/AttrImpl.o
 .group         0x0000000000000000        0x8 LINUX/depdom/AttrImpl.o
 .note.GNU-stack
                0x0000000000000000        0x0 LINUX/depdom/AttrImpl.o
 .group         0x0000000000000000        0x8 LINUX/depdom/AttrMapImpl.o
 .group         0x0000000000000000        0x8 LINUX/depdom/AttrMapImpl.o
 _ZN11xercesc_2_810XMLDeleterD5Ev
                0x0000000000000000        0xc LINUX/depdom/AttrMapImpl.o
 .group         0x0000000000000000        0x8 LINUX/depdom/AttrMapImpl.o
 .group         0x0000000000000000        0x8 LINUX/depdom/AttrMapImpl.o
 .group         0x0000000000000000        0x8 LINUX/depdom/AttrMapImpl.o
 .group         0x0000000000000000        0x8 LINUX/depdom/AttrMapImpl.o
 .group         0x0000000000000000        0x8 LINUX/depdom/AttrMapImpl.o
 .group         0x0000000000000000        0x8 LINUX/depdom/AttrMapImpl.o
 .group         0x0000000000000000        0x8 LINUX/depdom/AttrMapImpl.o
 .text._ZN11xercesc_2_810XMLDeleterD2Ev
                0x0000000000000000        0xf LINUX/depdom/AttrMapImpl.o
 .text._ZN11xercesc_2_810XMLDeleterD0Ev
                0x0000000000000000       0x13 LINUX/depdom/AttrMapImpl.o
 .data.rel.ro._ZTVN11xercesc_2_810XMLDeleterE
                0x0000000000000000       0x20 LINUX/depdom/AttrMapImpl.o
 .rodata._ZTSN11xercesc_2_810XMLDeleterE
                0x0000000000000000       0x1c LINUX/depdom/AttrMapImpl.o
 .data.rel.ro._ZTIN11xercesc_2_810XMLDeleterE
                0x0000000000000000       0x10 LINUX/depdom/AttrMapImpl.o
 .data.DW.ref.__gxx_personality_v0
                0x0000000000000000        0x8 LINUX/depdom/AttrMapImpl.o
 .note.GNU-stack
                0x0000000000000000        0x0 LINUX/depdom/AttrMapImpl.o
 _ZN11xercesc_2_810XMLDeleterD5Ev
                0x0000000000000000        0xc LINUX/depdom/AttrNSImpl.o
 _ZN11xercesc_2_810AttrNSImplD5Ev
                0x0000000000000000        0xc LINUX/depdom/AttrNSImpl.o
 .group         0x0000000000000000        0x8 LINUX/depdom/AttrNSImpl.o
 .group         0x0000000000000000        0x8 LINUX/depdom/AttrNSImpl.o
 .group         0x0000000000000000        0x8 LINUX/depdom/AttrNSImpl.o
 .group         0x0000000000000000        0x8 LINUX/depdom/AttrNSImpl.o
 .group         0x0000000000000000        0x8 LINUX/depdom/AttrNSImpl.o
 .group         0x0000000000000000        0x8 LINUX/depdom/AttrNSImpl.o
 .group         0x0000000000000000        0x8 LINUX/depdom/AttrNSImpl.o
 .text._ZN11xercesc_2_810XMLDeleterD2Ev
                0x0000000000000000        0xf LINUX/depdom/AttrNSImpl.o
 .text._ZN11xercesc_2_810XMLDeleterD0Ev
                0x0000000000000000       0x13 LINUX/depdom/AttrNSImpl.o
 .data.rel.ro._ZTVN11xercesc_2_810XMLDeleterE
                0x0000000000000000       0x20 LINUX/depdom/AttrNSImpl.o
 .rodata._ZTSN11xercesc_2_810XMLDeleterE
                0x0000000000000000       0x1c LINUX/depdom/AttrNSImpl.o
 .data.rel.ro._ZTIN11xercesc_2_810XMLDeleterE
                0x0000000000000000       0x10 LINUX/depdom/AttrNSImpl.o
 .data.DW.ref.__gxx_personality_v0
                0x0000000000000000        0x8 LINUX/depdom/AttrNSImpl.o
 .note.GNU-stack
                0x0000000000000000        0x0 LINUX/depdom/AttrNSImpl.o
 _ZN11xercesc_2_810XMLDeleterD5Ev
                0x0000000000000000        0xc LINUX/depdom/CDATASectionImpl.o
 .group         0x0000000000000000        0x8 LINUX/depdom/CDATASectionImpl.o
 .group         0x0000000000000000        0x8 LINUX/depdom/CDATASectionImpl.o
 .group         0x0000000000000000        0x8 LINUX/depdom/CDATASectionImpl.o
 .group         0x0000000000000000        0x8 LINUX/depdom/CDATASectionImpl.o
[...]
Memory Configuration

Name             Origin             Length             Attributes
*default*        0x0000000000000000 0xffffffffffffffff

Linker script and memory map

LOAD /usr/lib/gcc/x86_64-redhat-linux/4.4.7/../../../../lib64/crti.o
LOAD /usr/lib/gcc/x86_64-redhat-linux/4.4.7/crtbeginS.o
LOAD LINUX/depdom/AttrImpl.o
LOAD LINUX/depdom/AttrMapImpl.o
LOAD LINUX/depdom/AttrNSImpl.o
LOAD LINUX/depdom/CDATASectionImpl.o
LOAD LINUX/depdom/CharacterDataImpl.o
LOAD LINUX/depdom/ChildNode.o
LOAD LINUX/depdom/CommentImpl.o
LOAD LINUX/depdom/DeepNodeListImpl.o
LOAD LINUX/depdom/DocumentFragmentImpl.o
LOAD LINUX/depdom/DocumentImpl.o
LOAD LINUX/depdom/DocumentTypeImpl.o
LOAD LINUX/depdom/DOM_Attr.o
LOAD LINUX/depdom/DOM_CDATASection.o
LOAD LINUX/depdom/DOM_CharacterData.o
LOAD LINUX/depdom/DOM_Comment.o
LOAD LINUX/depdom/DOM_DocumentFragment.o
LOAD LINUX/depdom/DOM_Document.o
LOAD LINUX/depdom/DOM_DocumentType.o
LOAD LINUX/depdom/DOM_DOMException.o
LOAD LINUX/depdom/DOM_DOMImplementation.o
LOAD LINUX/depdom/DOM_Element.o
LOAD LINUX/depdom/DOM_Entity.o
LOAD LINUX/depdom/DOM_EntityReference.o
LOAD LINUX/depdom/DomMemDebug.o
LOAD LINUX/depdom/DOM_NamedNodeMap.o
LOAD LINUX/depdom/DOM_NodeFilter.o
LOAD LINUX/depdom/DOM_NodeIterator.o
LOAD LINUX/depdom/DOM_NodeList.o
LOAD LINUX/depdom/DOM_Node.o
LOAD LINUX/depdom/DOM_Notation.o
LOAD LINUX/depdom/DOMParser.o
LOAD LINUX/depdom/DOM_ProcessingInstruction.o
LOAD LINUX/depdom/DOM_RangeException.o
LOAD LINUX/depdom/DOM_Range.o
LOAD LINUX/depdom/DOMString.o
LOAD LINUX/depdom/DOM_Text.o
LOAD LINUX/depdom/DOM_TreeWalker.o
LOAD LINUX/depdom/DOM_XMLDecl.o
LOAD LINUX/depdom/DStringPool.o
LOAD LINUX/depdom/ElementDefinitionImpl.o
LOAD LINUX/depdom/ElementImpl.o
LOAD LINUX/depdom/ElementNSImpl.o
LOAD LINUX/depdom/EntityImpl.o
LOAD LINUX/depdom/EntityReferenceImpl.o
LOAD LINUX/depdom/NamedNodeMapImpl.o
LOAD LINUX/depdom/NodeIDMap.o
LOAD LINUX/depdom/NodeImpl.o
LOAD LINUX/depdom/NodeIteratorImpl.o
LOAD LINUX/depdom/NodeListImpl.o
LOAD LINUX/depdom/NodeVector.o
LOAD LINUX/depdom/NotationImpl.o
LOAD LINUX/depdom/ParentNode.o
LOAD LINUX/depdom/ProcessingInstructionImpl.o
LOAD LINUX/depdom/RangeImpl.o
LOAD LINUX/depdom/RefCountedImpl.o
LOAD LINUX/depdom/TextImpl.o
LOAD LINUX/depdom/TreeWalkerImpl.o
LOAD LINUX/depdom/XMLDeclImpl.o
LOAD /usr/lib64/libpthread.so
START GROUP
LOAD /lib64/libpthread.so.0
LOAD /usr/lib64/libpthread_nonshared.a
END GROUP
LOAD /home/dev/isp2.2/SIPTelecom3.3/thirdParty/xerces-c-src_2_8_0/lib/libxerces-c.so
LOAD /usr/lib/gcc/x86_64-redhat-linux/4.4.7/libstdc++.so
LOAD /usr/lib64/libm.so
LOAD /usr/lib/gcc/x86_64-redhat-linux/4.4.7/libgcc_s.so
LOAD /usr/lib64/libc.so
START GROUP
LOAD /lib64/libc.so.6
LOAD /usr/lib64/libc_nonshared.a
LOAD /lib64/ld-linux-x86-64.so.2
END GROUP
LOAD /usr/lib/gcc/x86_64-redhat-linux/4.4.7/libgcc_s.so
LOAD /usr/lib/gcc/x86_64-redhat-linux/4.4.7/crtendS.o
LOAD /usr/lib/gcc/x86_64-redhat-linux/4.4.7/../../../../lib64/crtn.o
                0x0000000000000190                . = (0x0 + SIZEOF_HEADERS)

.note.gnu.build-id
                0x0000000000000190       0x24
 *(.note.gnu.build-id)
 .note.gnu.build-id
                0x0000000000000190       0x24 /usr/lib/gcc/x86_64-redhat-linux/4.4.7/../../../../lib64/crti.o

.hash
 *(.hash)

.gnu.hash       0x00000000000001b8     0x3104
 *(.gnu.hash)
 .gnu.hash      0x00000000000001b8     0x3104 /usr/lib/gcc/x86_64-redhat-linux/4.4.7/../../../../lib64/crti.o

.dynsym         0x00000000000032c0     0xa140
 *(.dynsym)
 .dynsym        0x00000000000032c0     0xa140 /usr/lib/gcc/x86_64-redhat-linux/4.4.7/../../../../lib64/crti.o

.dynstr         0x000000000000d400    0x14375
 *(.dynstr)
 .dynstr        0x000000000000d400    0x14375 /usr/lib/gcc/x86_64-redhat-linux/4.4.7/../../../../lib64/crti.o

.gnu.version    0x0000000000021776      0xd70
 *(.gnu.version)
 .gnu.version   0x0000000000021776      0xd70 /usr/lib/gcc/x86_64-redhat-linux/4.4.7/../../../../lib64/crti.o

.gnu.version_d  0x00000000000224e8        0x0 load address 0x00000000000224e6
 *(.gnu.version_d)
 .gnu.version_d
                0x0000000000000000        0x0 /usr/lib/gcc/x86_64-redhat-linux/4.4.7/../../../../lib64/crti.o

.gnu.version_r  0x00000000000224e8       0x70
 *(.gnu.version_r)
 .gnu.version_r
                0x00000000000224e8       0x70 /usr/lib/gcc/x86_64-redhat-linux/4.4.7/../../../../lib64/crti.o

.rela.dyn       0x0000000000022558     0xa920
 *(.rela.init)
 *(.rela.text .rela.text.* .rela.gnu.linkonce.t.*)
 .rela.text     0x0000000000000000        0x0 /usr/lib/gcc/x86_64-redhat-linux/4.4.7/../../../../lib64/crti.o
 *(.rela.fini)
 *(.rela.rodata .rela.rodata.* .rela.gnu.linkonce.r.*)
 *(.rela.data .rela.data.* .rela.gnu.linkonce.d.*)
 .rela.data.rel.ro
                0x0000000000022558       0x18 /usr/lib/gcc/x86_64-redhat-linux/4.4.7/../../../../lib64/crti.o
 .rela.data.rel.ro._ZTVN11xercesc_2_88AttrImplE
                0x0000000000022570      0x4f8 /usr/lib/gcc/x86_64-redhat-linux/4.4.7/../../../../lib64/crti.o
 .rela.data.rel.ro._ZTVN11xercesc_2_810XMLDeleterE
                0x0000000000022a68       0x48 /usr/lib/gcc/x86_64-redhat-linux/4.4.7/../../../../lib64/crti.o
 .rela.data.rel.ro._ZTIN11xercesc_2_810XMLDeleterE
                0x0000000000022ab0       0x30 /usr/lib/gcc/x86_64-redhat-linux/4.4.7/../../../../lib64/crti.o
 .rela.data.rel.ro._ZTIN11xercesc_2_88AttrImplE
                0x0000000000022ae0       0x48 /usr/lib/gcc/x86_64-redhat-linux/4.4.7/../../../../lib64/crti.o
 .rela.data.rel.ro._ZTIN11xercesc_2_830ArrayIndexOutOfBoundsExceptionE
                0x0000000000022b28       0x48 /usr/lib/gcc/x86_64-redhat-linux/4.4.7/../../../../lib64/crti.o
 .rela.data.rel.ro._ZTVN11xercesc_2_830ArrayIndexOutOfBoundsExceptionE
                0x0000000000022b70       0x78 /usr/lib/gcc/x86_64-redhat-linux/4.4.7/../../../../lib64/crti.o
 .rela.data.DW.ref.__gxx_personality_v0
                0x0000000000022be8       0x18 /usr/lib/gcc/x86_64-redhat-linux/4.4.7/../../../../lib64/crti.o
 .rela.data.rel.ro._ZTVN11xercesc_2_811AttrMapImplE
                0x0000000000022c00      0x1f8 /usr/lib/gcc/x86_64-redhat-linux/4.4.7/../../../../lib64/crti.o
 .rela.data.rel.ro._ZTIN11xercesc_2_811AttrMapImplE
                0x0000000000022df8       0x48 /usr/lib/gcc/x86_64-redhat-linux/4.4.7/../../../../lib64/crti.o
 .rela.data.rel.ro._ZTVN11xercesc_2_810AttrNSImplE
                0x0000000000022e40      0x4f8 /usr/lib/gcc/x86_64-redhat-linux/4.4.7/../../../../lib64/crti.o
 .rela.data.rel.ro._ZTIN11xercesc_2_810AttrNSImplE
                0x0000000000023338       0x48 /usr/lib/gcc/x86_64-redhat-linux/4.4.7/../../../../lib64/crti.o
 .rela.data.rel.ro._ZTVN11xercesc_2_816CDATASectionImplE
                0x0000000000023380      0x588 /usr/lib/gcc/x86_64-redhat-linux/4.4.7/../../../../lib64/crti.o
 .rela.data.rel.ro._ZTIN11xercesc_2_816CDATASectionImplE
                0x0000000000023908       0x48 /usr/lib/gcc/x86_64-redhat-linux/4.4.7/../../../../lib64/crti.o
 .rela.data.rel.ro._ZTVN11xercesc_2_817CharacterDataImplE
                0x0000000000023950      0x540 /usr/lib/gcc/x86_64-redhat-linux/4.4.7/../../../../lib64/crti.o
 .rela.data.rel.ro._ZTIN11xercesc_2_817CharacterDataImplE
                0x0000000000023e90       0x48 /usr/lib/gcc/x86_64-redhat-linux/4.4.7/../../../../lib64/crti.o
 .rela.data.rel.ro._ZTVN11xercesc_2_89ChildNodeE
                0x0000000000023ed8      0x480 /usr/lib/gcc/x86_64-redhat-linux/4.4.7/../../../../lib64/crti.o
 .rela.data.rel.ro._ZTIN11xercesc_2_89ChildNodeE
                0x0000000000024358       0x48 /usr/lib/gcc/x86_64-redhat-linux/4.4.7/../../../../lib64/crti.o
 .rela.data.rel.ro._ZTVN11xercesc_2_811CommentImplE
                0x00000000000243a0      0x540 /usr/lib/gcc/x86_64-redhat-linux/4.4.7/../../../../lib64/crti.o
 .rela.data.rel.ro._ZTIN11xercesc_2_811CommentImplE
                0x00000000000248e0       0x48 /usr/lib/gcc/x86_64-redhat-linux/4.4.7/../../../../lib64/crti.o
 .rela.data.rel.ro._ZTVN11xercesc_2_816DeepNodeListImplE
                0x0000000000024928       0xc0 /usr/lib/gcc/x86_64-redhat-linux/4.4.7/../../../../lib64/crti.o
 .rela.data.rel.ro._ZTIN11xercesc_2_816DeepNodeListImplE
                0x00000000000249e8       0x48 /usr/lib/gcc/x86_64-redhat-linux/4.4.7/../../../../lib64/crti.o
 .rela.data.rel.ro._ZTVN11xercesc_2_820DocumentFragmentImplE
                0x0000000000024a30      0x480 /usr/lib/gcc/x86_64-redhat-linux/4.4.7/../../../../lib64/crti.o
 .rela.data.rel.ro._ZTIN11xercesc_2_820DocumentFragmentImplE
                0x0000000000024eb0       0x48 /usr/lib/gcc/x86_64-redhat-linux/4.4.7/../../../../lib64/crti.o
 .rela.data.rel.ro._ZTVN11xercesc_2_812DocumentImplE
                0x0000000000024ef8      0x708 /usr/lib/gcc/x86_64-redhat-linux/4.4.7/../../../../lib64/crti.o
 .rela.data.rel.ro._ZTIN11xercesc_2_812DocumentImplE
                0x0000000000025600       0x48 /usr/lib/gcc/x86_64-redhat-linux/4.4.7/../../../../lib64/crti.o
 .rela.data.rel.ro._ZTIN11xercesc_2_824IllegalArgumentExceptionE
                0x0000000000025648       0x48 /usr/lib/gcc/x86_64-redhat-linux/4.4.7/../../../../lib64/crti.o
 .rela.data.rel.ro._ZTVN11xercesc_2_824IllegalArgumentExceptionE
                0x0000000000025690       0x78 /usr/lib/gcc/x86_64-redhat-linux/4.4.7/../../../../lib64/crti.o
 .rela.data.rel.ro._ZTIN11xercesc_2_822NoSuchElementExceptionE
                0x0000000000025708       0x48 /usr/lib/gcc/x86_64-redhat-linux/4.4.7/../../../../lib64/crti.o
 .rela.data.rel.ro._ZTVN11xercesc_2_822NoSuchElementExceptionE
                0x0000000000025750       0x78 /usr/lib/gcc/x86_64-redhat-linux/4.4.7/../../../../lib64/crti.o
 .rela.data.rel.ro._ZTVN11xercesc_2_811RefVectorOfINS_9RangeImplEEE
                0x00000000000257c8       0xc0 /usr/lib/gcc/x86_64-redhat-linux/4.4.7/../../../../lib64/crti.o
 .rela.data.rel.ro._ZTIN11xercesc_2_811RefVectorOfINS_9RangeImplEEE
                0x0000000000025888       0x48 /usr/lib/gcc/x86_64-redhat-linux/4.4.7/../../../../lib64/crti.o
 .rela.data.rel.ro._ZTIN11xercesc_2_815BaseRefVectorOfINS_9RangeImplEEE
                0x00000000000258d0       0x48 /usr/lib/gcc/x86_64-redhat-linux/4.4.7/../../../../lib64/crti.o
 .rela.data.rel.ro._ZTIN11xercesc_2_87XMemoryE
                0x0000000000025918       0x30 /usr/lib/gcc/x86_64-redhat-linux/4.4.7/../../../../lib64/crti.o
 .rela.data.rel.ro._ZTVN11xercesc_2_815BaseRefVectorOfINS_9RangeImplEEE
                0x0000000000025948       0xc0 /usr/lib/gcc/x86_64-redhat-linux/4.4.7/../../../../lib64/crti.o
 .rela.data.rel.ro._ZTVN11xercesc_2_811RefVectorOfINS_14TreeWalkerImplEEE
                0x0000000000025a08       0xc0 /usr/lib/gcc/x86_64-redhat-linux/4.4.7/../../../../lib64/crti.o
 .rela.data.rel.ro._ZTIN11xercesc_2_811RefVectorOfINS_14TreeWalkerImplEEE
                0x0000000000025ac8       0x48 /usr/lib/gcc/x86_64-redhat-linux/4.4.7/../../../../lib64/crti.o
 .rela.data.rel.ro._ZTIN11xercesc_2_815BaseRefVectorOfINS_14TreeWalkerImplEEE
                0x0000000000025b10       0x48 /usr/lib/gcc/x86_64-redhat-linux/4.4.7/../../../../lib64/crti.o
 .rela.data.rel.ro._ZTVN11xercesc_2_815BaseRefVectorOfINS_14TreeWalkerImplEEE
                0x0000000000025b58       0xc0 /usr/lib/gcc/x86_64-redhat-linux/4.4.7/../../../../lib64/crti.o
 .rela.data.rel.ro._ZTVN11xercesc_2_811RefVectorOfINS_16NodeIteratorImplEEE
                0x0000000000025c18       0xc0 /usr/lib/gcc/x86_64-redhat-linux/4.4.7/../../../../lib64/crti.o
 .rela.data.rel.ro._ZTIN11xercesc_2_811RefVectorOfINS_16NodeIteratorImplEEE
                0x0000000000025cd8       0x48 /usr/lib/gcc/x86_64-redhat-linux/4.4.7/../../../../lib64/crti.o
 .rela.data.rel.ro._ZTIN11xercesc_2_815BaseRefVectorOfINS_16NodeIteratorImplEEE
                0x0000000000025d20       0x48 /usr/lib/gcc/x86_64-redhat-linux/4.4.7/../../../../lib64/crti.o
 .rela.data.rel.ro._ZTVN11xercesc_2_815BaseRefVectorOfINS_16NodeIteratorImplEEE
                0x0000000000025d68       0xc0 /usr/lib/gcc/x86_64-redhat-linux/4.4.7/../../../../lib64/crti.o
 .rela.data.rel.ro._ZTVN11xercesc_2_816DocumentTypeImplE
                0x0000000000025e28      0x570 /usr/lib/gcc/x86_64-redhat-linux/4.4.7/../../../../lib64/crti.o
 .rela.data.rel.ro._ZTIN11xercesc_2_816DocumentTypeImplE
                0x0000000000026398       0x48 /usr/lib/gcc/x86_64-redhat-linux/4.4.7/../../../../lib64/crti.o
 .rela.data.rel.ro._ZTVN11xercesc_2_816DOM_DOMExceptionE
                0x00000000000263e0       0x48 /usr/lib/gcc/x86_64-redhat-linux/4.4.7/../../../../lib64/crti.o
 .rela.data.rel.ro._ZTIN11xercesc_2_816DOM_DOMExceptionE
                0x0000000000026428       0x30 /usr/lib/gcc/x86_64-redhat-linux/4.4.7/../../../../lib64/crti.o
 .rela.data.rel.ro._ZTVN11xercesc_2_814DOM_NodeFilterE
                0x0000000000026458       0x60 /usr/lib/gcc/x86_64-redhat-linux/4.4.7/../../../../lib64/crti.o
 .rela.data.rel.ro._ZTIN11xercesc_2_814DOM_NodeFilterE
                0x00000000000264b8       0x30 /usr/lib/gcc/x86_64-redhat-linux/4.4.7/../../../../lib64/crti.o
 .rela.data.rel.ro._ZTVN11xercesc_2_89DOMParserE
                0x00000000000264e8      0x6d8 /usr/lib/gcc/x86_64-redhat-linux/4.4.7/../../../../lib64/crti.o
 .rela.data.rel.ro._ZTVN11xercesc_2_815ContentSpecNodeE
                0x0000000000026bc0       0x90 /usr/lib/gcc/x86_64-redhat-linux/4.4.7/../../../../lib64/crti.o
 .rela.data.rel.ro._ZTVN11xercesc_2_813XMLAttDefListE
                0x0000000000026c50      0x198 /usr/lib/gcc/x86_64-redhat-linux/4.4.7/../../../../lib64/crti.o
 .rela.data.rel.ro._ZTVN11xercesc_2_813DTDEntityDeclE
                0x0000000000026de8       0xd8 /usr/lib/gcc/x86_64-redhat-linux/4.4.7/../../../../lib64/crti.o
 .rela.data.rel.ro._ZTVN11xercesc_2_810XMLRefInfoE
                0x0000000000026ec0       0x90 /usr/lib/gcc/x86_64-redhat-linux/4.4.7/../../../../lib64/crti.o
 .rela.data.rel.ro._ZTIN11xercesc_2_815ContentSpecNodeE
                0x0000000000026f50       0x60 /usr/lib/gcc/x86_64-redhat-linux/4.4.7/../../../../lib64/crti.o
 .rela.data.rel.ro._ZTIN11xercesc_2_89DOMParserE
                0x0000000000026fb0       0xa8 /usr/lib/gcc/x86_64-redhat-linux/4.4.7/../../../../lib64/crti.o
 .rela.data.rel.ro._ZTIN11xercesc_2_813XMLAttDefListE
                0x0000000000027058       0x60 /usr/lib/gcc/x86_64-redhat-linux/4.4.7/../../../../lib64/crti.o
 .rela.data.rel.ro._ZTIN11xercesc_2_813DTDEntityDeclE
                0x00000000000270b8       0x48 /usr/lib/gcc/x86_64-redhat-linux/4.4.7/../../../../lib64/crti.o
 .rela.data.rel.ro._ZTIN11xercesc_2_810XMLRefInfoE
                0x0000000000027100       0x60 /usr/lib/gcc/x86_64-redhat-linux/4.4.7/../../../../lib64/crti.o
 .rela.data.rel.ro._ZTIN11xercesc_2_813XSerializableE
                0x0000000000027160       0x30 /usr/lib/gcc/x86_64-redhat-linux/4.4.7/../../../../lib64/crti.o
 .rela.data.rel.ro._ZTIN11xercesc_2_818XMLDocumentHandlerE
                0x0000000000027190       0x30 /usr/lib/gcc/x86_64-redhat-linux/4.4.7/../../../../lib64/crti.o
 .rela.data.rel.ro._ZTIN11xercesc_2_816XMLErrorReporterE
                0x00000000000271c0       0x30 /usr/lib/gcc/x86_64-redhat-linux/4.4.7/../../../../lib64/crti.o
 .rela.data.rel.ro._ZTIN11xercesc_2_816XMLEntityHandlerE
                0x00000000000271f0       0x30 /usr/lib/gcc/x86_64-redhat-linux/4.4.7/../../../../lib64/crti.o
 .rela.data.rel.ro._ZTIN11xercesc_2_814DocTypeHandlerE
                0x0000000000027220       0x30 /usr/lib/gcc/x86_64-redhat-linux/4.4.7/../../../../lib64/crti.o
 .rela.data.rel.ro._ZTVN11xercesc_2_813XSerializableE
                0x0000000000027250       0x90 /usr/lib/gcc/x86_64-redhat-linux/4.4.7/../../../../lib64/crti.o
 .rela.data.rel.ro._ZTIN11xercesc_2_811IOExceptionE
                0x00000000000272e0       0x48 /usr/lib/gcc/x86_64-redhat-linux/4.4.7/../../../../lib64/crti.o
 .rela.data.rel.ro._ZTVN11xercesc_2_811IOExceptionE
                0x0000000000027328       0x78 /usr/lib/gcc/x86_64-redhat-linux/4.4.7/../../../../lib64/crti.o
 .rela.data.rel.ro._ZTIN11xercesc_2_819EmptyStackExceptionE
                0x00000000000273a0       0x48 /usr/lib/gcc/x86_64-redhat-linux/4.4.7/../../../../lib64/crti.o
 .rela.data.rel.ro._ZTVN11xercesc_2_819EmptyStackExceptionE
                0x00000000000273e8       0x78 /usr/lib/gcc/x86_64-redhat-linux/4.4.7/../../../../lib64/crti.o
 .rela.data.rel.ro._ZTVN11xercesc_2_814DocTypeHandlerE
                0x0000000000027460      0x1c8 /usr/lib/gcc/x86_64-redhat-linux/4.4.7/../../../../lib64/crti.o
 .rela.data.rel.ro._ZTVN11xercesc_2_816XMLEntityHandlerE
                0x0000000000027628       0xd8 /usr/lib/gcc/x86_64-redhat-linux/4.4.7/../../../../lib64/crti.o
 .rela.data.rel.ro._ZTVN11xercesc_2_816XMLErrorReporterE
                0x0000000000027700       0x78 /usr/lib/gcc/x86_64-redhat-linux/4.4.7/../../../../lib64/crti.o
 .rela.data.rel.ro._ZTVN11xercesc_2_818XMLDocumentHandlerE
                0x0000000000027778      0x180 /usr/lib/gcc/x86_64-redhat-linux/4.4.7/../../../../lib64/crti.o
 .rela.data.rel.ro._ZTIN11xercesc_2_820OutOfMemoryExceptionE
                0x00000000000278f8       0x48 /usr/lib/gcc/x86_64-redhat-linux/4.4.7/../../../../lib64/crti.o
 .rela.data.DW.ref._ZTIN11xercesc_2_820OutOfMemoryExceptionE
                0x0000000000027940       0x18 /usr/lib/gcc/x86_64-redhat-linux/4.4.7/../../../../lib64/crti.o
 .rela.data.rel.ro._ZTVN11xercesc_2_818DOM_RangeExceptionE
                0x0000000000027958       0x48 /usr/lib/gcc/x86_64-redhat-linux/4.4.7/../../../../lib64/crti.o
 .rela.data.rel.ro._ZTIN11xercesc_2_818DOM_RangeExceptionE
                0x00000000000279a0       0x48 /usr/lib/gcc/x86_64-redhat-linux/4.4.7/../../../../lib64/crti.o
 .rela.data.rel.ro._ZTVN11xercesc_2_821ElementDefinitionImplE
                0x00000000000279e8      0x480 /usr/lib/gcc/x86_64-redhat-linux/4.4.7/../../../../lib64/crti.o
 .rela.data.rel.ro._ZTIN11xercesc_2_821ElementDefinitionImplE
                0x0000000000027e68       0x48 /usr/lib/gcc/x86_64-redhat-linux/4.4.7/../../../../lib64/crti.o
 .rela.data.rel.ro._ZTVN11xercesc_2_811ElementImplE
                0x0000000000027eb0      0x780 /usr/lib/gcc/x86_64-redhat-linux/4.4.7/../../../../lib64/crti.o
 .rela.data.rel.ro._ZTIN11xercesc_2_811ElementImplE
                0x0000000000028630       0x48 /usr/lib/gcc/x86_64-redhat-linux/4.4.7/../../../../lib64/crti.o
 .rela.data.rel.ro._ZTVN11xercesc_2_813ElementNSImplE
                0x0000000000028678      0x780 /usr/lib/gcc/x86_64-redhat-linux/4.4.7/../../../../lib64/crti.o
 .rela.data.rel.ro._ZTIN11xercesc_2_813ElementNSImplE
                0x0000000000028df8       0x48 /usr/lib/gcc/x86_64-redhat-linux/4.4.7/../../../../lib64/crti.o
 .rela.data.rel.ro._ZTVN11xercesc_2_810EntityImplE
                0x0000000000028e40      0x510 /usr/lib/gcc/x86_64-redhat-linux/4.4.7/../../../../lib64/crti.o
 .rela.data.rel.ro._ZTIN11xercesc_2_810EntityImplE
                0x0000000000029350       0x48 /usr/lib/gcc/x86_64-redhat-linux/4.4.7/../../../../lib64/crti.o
 .rela.data.rel.ro._ZTVN11xercesc_2_819EntityReferenceImplE
                0x0000000000029398      0x480 /usr/lib/gcc/x86_64-redhat-linux/4.4.7/../../../../lib64/crti.o
 .rela.data.rel.ro._ZTIN11xercesc_2_819EntityReferenceImplE
                0x0000000000029818       0x48 /usr/lib/gcc/x86_64-redhat-linux/4.4.7/../../../../lib64/crti.o
 .rela.data.rel.ro._ZTVN11xercesc_2_816NamedNodeMapImplE
                0x0000000000029860      0x1b0 /usr/lib/gcc/x86_64-redhat-linux/4.4.7/../../../../lib64/crti.o
 .rela.data.rel.ro._ZTIN11xercesc_2_816NamedNodeMapImplE
                0x0000000000029a10       0x48 /usr/lib/gcc/x86_64-redhat-linux/4.4.7/../../../../lib64/crti.o
 .rela.data.rel.ro._ZTVN11xercesc_2_89NodeIDMapE
                0x0000000000029a58       0x48 /usr/lib/gcc/x86_64-redhat-linux/4.4.7/../../../../lib64/crti.o
 .rela.data.rel.ro._ZTIN11xercesc_2_89NodeIDMapE
                0x0000000000029aa0       0x48 /usr/lib/gcc/x86_64-redhat-linux/4.4.7/../../../../lib64/crti.o
 .rela.data.rel.ro._ZTIN11xercesc_2_816RuntimeExceptionE
                0x0000000000029ae8       0x48 /usr/lib/gcc/x86_64-redhat-linux/4.4.7/../../../../lib64/crti.o
 .rela.data.rel.ro._ZTVN11xercesc_2_816RuntimeExceptionE
                0x0000000000029b30       0x78 /usr/lib/gcc/x86_64-redhat-linux/4.4.7/../../../../lib64/crti.o
 .rela.data.rel.ro._ZTVN11xercesc_2_88NodeImplE
                0x0000000000029ba8      0x480 /usr/lib/gcc/x86_64-redhat-linux/4.4.7/../../../../lib64/crti.o
 .rela.data.rel.ro._ZTIN11xercesc_2_88NodeImplE
                0x000000000002a028       0x48 /usr/lib/gcc/x86_64-redhat-linux/4.4.7/../../../../lib64/crti.o
 .rela.data.rel.ro._ZTVN11xercesc_2_816NodeIteratorImplE
                0x000000000002a070       0x78 /usr/lib/gcc/x86_64-redhat-linux/4.4.7/../../../../lib64/crti.o
 .rela.data.rel.ro._ZTIN11xercesc_2_816NodeIteratorImplE
                0x000000000002a0e8       0x48 /usr/lib/gcc/x86_64-redhat-linux/4.4.7/../../../../lib64/crti.o
 .rela.data.rel.ro._ZTVN11xercesc_2_812NodeListImplE
                0x000000000002a130       0xa8 /usr/lib/gcc/x86_64-redhat-linux/4.4.7/../../../../lib64/crti.o
 .rela.data.rel.ro._ZTIN11xercesc_2_812NodeListImplE
                0x000000000002a1d8       0x48 /usr/lib/gcc/x86_64-redhat-linux/4.4.7/../../../../lib64/crti.o
 .rela.data.rel.ro._ZTVN11xercesc_2_812NotationImplE
                0x000000000002a220      0x4e0 /usr/lib/gcc/x86_64-redhat-linux/4.4.7/../../../../lib64/crti.o
 .rela.data.rel.ro._ZTIN11xercesc_2_812NotationImplE
                0x000000000002a700       0x48 /usr/lib/gcc/x86_64-redhat-linux/4.4.7/../../../../lib64/crti.o
 .rela.data.rel.ro._ZTVN11xercesc_2_810ParentNodeE
                0x000000000002a748      0x480 /usr/lib/gcc/x86_64-redhat-linux/4.4.7/../../../../lib64/crti.o
 .rela.data.rel.ro._ZTIN11xercesc_2_810ParentNodeE
                0x000000000002abc8       0x48 /usr/lib/gcc/x86_64-redhat-linux/4.4.7/../../../../lib64/crti.o
 .rela.data.rel.ro._ZTVN11xercesc_2_825ProcessingInstructionImplE
                0x000000000002ac10      0x4c8 /usr/lib/gcc/x86_64-redhat-linux/4.4.7/../../../../lib64/crti.o
 .rela.data.rel.ro._ZTIN11xercesc_2_825ProcessingInstructionImplE
                0x000000000002b0d8       0x48 /usr/lib/gcc/x86_64-redhat-linux/4.4.7/../../../../lib64/crti.o
 .rela.data.rel.ro._ZTVN11xercesc_2_89RangeImplE
                0x000000000002b120       0x78 /usr/lib/gcc/x86_64-redhat-linux/4.4.7/../../../../lib64/crti.o
 .rela.data.rel.ro._ZTIN11xercesc_2_89RangeImplE
                0x000000000002b198       0x48 /usr/lib/gcc/x86_64-redhat-linux/4.4.7/../../../../lib64/crti.o
 .rela.data.rel.ro._ZTVN11xercesc_2_811RefVectorOfINS_8NodeImplEEE
                0x000000000002b1e0       0xc0 /usr/lib/gcc/x86_64-redhat-linux/4.4.7/../../../../lib64/crti.o
 .rela.data.rel.ro._ZTIN11xercesc_2_811RefVectorOfINS_8NodeImplEEE
                0x000000000002b2a0       0x48 /usr/lib/gcc/x86_64-redhat-linux/4.4.7/../../../../lib64/crti.o
 .rela.data.rel.ro._ZTIN11xercesc_2_815BaseRefVectorOfINS_8NodeImplEEE
                0x000000000002b2e8       0x48 /usr/lib/gcc/x86_64-redhat-linux/4.4.7/../../../../lib64/crti.o
 .rela.data.rel.ro._ZTVN11xercesc_2_815BaseRefVectorOfINS_8NodeImplEEE
                0x000000000002b330       0xc0 /usr/lib/gcc/x86_64-redhat-linux/4.4.7/../../../../lib64/crti.o
 .rela.data.rel.ro._ZTVN11xercesc_2_814RefCountedImplE
                0x000000000002b3f0       0x78 /usr/lib/gcc/x86_64-redhat-linux/4.4.7/../../../../lib64/crti.o
 .rela.data.rel.ro._ZTIN11xercesc_2_814RefCountedImplE
                0x000000000002b468       0x48 /usr/lib/gcc/x86_64-redhat-linux/4.4.7/../../../../lib64/crti.o
 .rela.data.rel.ro._ZTVN11xercesc_2_88TextImplE
                0x000000000002b4b0      0x588 /usr/lib/gcc/x86_64-redhat-linux/4.4.7/../../../../lib64/crti.o
 .rela.data.rel.ro._ZTIN11xercesc_2_88TextImplE
                0x000000000002ba38       0x48 /usr/lib/gcc/x86_64-redhat-linux/4.4.7/../../../../lib64/crti.o
 .rela.data.rel.ro._ZTVN11xercesc_2_814TreeWalkerImplE
                0x000000000002ba80       0x78 /usr/lib/gcc/x86_64-redhat-linux/4.4.7/../../../../lib64/crti.o
 .rela.data.rel.ro._ZTIN11xercesc_2_814TreeWalkerImplE
                0x000000000002baf8       0x48 /usr/lib/gcc/x86_64-redhat-linux/4.4.7/../../../../lib64/crti.o
 .rela.data.rel.ro._ZTVN11xercesc_2_811XMLDeclImplE
                0x000000000002bb40      0x510 /usr/lib/gcc/x86_64-redhat-linux/4.4.7/../../../../lib64/crti.o
 .rela.data.rel.ro._ZTIN11xercesc_2_811XMLDeclImplE
                0x000000000002c050       0x48 /usr/lib/gcc/x86_64-redhat-linux/4.4.7/../../../../lib64/crti.o
 *(.rela.tdata .rela.tdata.* .rela.gnu.linkonce.td.*)
 *(.rela.tbss .rela.tbss.* .rela.gnu.linkonce.tb.*)
 *(.rela.ctors)
 .rela.ctors    0x000000000002c098      0x108 /usr/lib/gcc/x86_64-redhat-linux/4.4.7/../../../../lib64/crti.o
 *(.rela.dtors)
 *(.rela.got)
 .rela.got      0x000000000002c1a0      0xcd8 /usr/lib/gcc/x86_64-redhat-linux/4.4.7/../../../../lib64/crti.o
 *(.rela.sharable_data .rela.sharable_data.* .rela.gnu.linkonce.shrd.*)
 *(.rela.sharable_bss .rela.sharable_bss.* .rela.gnu.linkonce.shrb.*)
 *(.rela.bss .rela.bss.* .rela.gnu.linkonce.b.*)
 *(.rela.ldata .rela.ldata.* .rela.gnu.linkonce.l.*)
 *(.rela.lbss .rela.lbss.* .rela.gnu.linkonce.lb.*)
 *(.rela.lrodata .rela.lrodata.* .rela.gnu.linkonce.lr.*)
 *(.rela.ifunc)
 .rela.ifunc    0x0000000000000000        0x0 /usr/lib/gcc/x86_64-redhat-linux/4.4.7/../../../../lib64/crti.o
 .rela.eh_frame
                0x0000000000000000        0x0 /usr/lib/gcc/x86_64-redhat-linux/4.4.7/../../../../lib64/crti.o
 .rela.gcc_except_table
                0x0000000000000000        0x0 /usr/lib/gcc/x86_64-redhat-linux/4.4.7/../../../../lib64/crti.o

.rela.plt       0x000000000002ce78     0x2c40
 *(.rela.plt)
 .rela.plt      0x000000000002ce78     0x2c40 /usr/lib/gcc/x86_64-redhat-linux/4.4.7/../../../../lib64/crti.o
 *(.rela.iplt)

.init           0x000000000002fab8       0x18
 *(.init)
 .init          0x000000000002fab8        0x9 /usr/lib/gcc/x86_64-redhat-linux/4.4.7/../../../../lib64/crti.o
                0x000000000002fab8                _init
 .init          0x000000000002fac1        0x5 /usr/lib/gcc/x86_64-redhat-linux/4.4.7/crtbeginS.o
 .init          0x000000000002fac6        0x5 /usr/lib/gcc/x86_64-redhat-linux/4.4.7/crtendS.o
 .init          0x000000000002facb        0x5 /usr/lib/gcc/x86_64-redhat-linux/4.4.7/../../../../lib64/crtn.o

.plt            0x000000000002fad0     0x1d90
 *(.plt)
 .plt           0x000000000002fad0     0x1d90 /usr/lib/gcc/x86_64-redhat-linux/4.4.7/../../../../lib64/crti.o
 *(.iplt)

.text           0x0000000000031860    0x23658
 *(.text.unlikely .text.*_unlikely)
 *(.text .stub .text.* .gnu.linkonce.t.*)
 .text          0x0000000000031860       0x17 /usr/lib/gcc/x86_64-redhat-linux/4.4.7/../../../../lib64/crti.o
 *fill*         0x0000000000031877        0x9 90909090
 .text          0x0000000000031880       0xaa /usr/lib/gcc/x86_64-redhat-linux/4.4.7/crtbeginS.o
 *fill*         0x000000000003192a        0x6 90909090
 .text          0x0000000000031930     0x1655 LINUX/depdom/AttrImpl.o
                0x0000000000031930                _ZN11xercesc_2_88AttrImpl11getNodeTypeEv
                0x0000000000031940                _ZN11xercesc_2_88AttrImpl12getNodeValueEv
                0x0000000000031960                _ZN11xercesc_2_88AttrImpl12getSpecifiedEv
                0x0000000000031980                _ZN11xercesc_2_88AttrImpl10isAttrImplEv
                0x0000000000031990                _ZN11xercesc_2_88AttrImpl12setNodeValueERKNS_9DOMStringE
                0x00000000000319a0                _ZN11xercesc_2_88AttrImpl12setSpecifiedEb
                0x00000000000319e0                _ZN11xercesc_2_88AttrImpl15getOwnerElementEv
                0x0000000000031a00                _ZN11xercesc_2_88AttrImpl15setOwnerElementEPNS_11ElementImplE
                0x0000000000031a20                _ZN11xercesc_2_88AttrImpl13cloneChildrenERKNS_8NodeImplE
                0x0000000000031a80                _ZN11xercesc_2_88AttrImpl13getChildNodesEv
                0x0000000000031a90                _ZN11xercesc_2_88AttrImpl9lastChildEPNS_9ChildNodeE
                0x0000000000031aa0                _ZN11xercesc_2_88AttrImpl9getLengthEv
                0x0000000000031ae0                _ZN11xercesc_2_88AttrImpl13hasChildNodesEv
                0x0000000000031af0                _ZN11xercesc_2_88AttrImpl12replaceChildEPNS_8NodeImplES2_
                0x0000000000031b40                _ZN11xercesc_2_88AttrImpl9normalizeEv
                0x0000000000031c30                _ZN11xercesc_2_88AttrImpl11setReadOnlyEbb
                0x0000000000031cb0                _ZN11xercesc_2_88AttrImpl11removeChildEPNS_8NodeImplE
                0x0000000000031f20                _ZN11xercesc_2_88AttrImpl8toStringEv
                0x0000000000032010                _ZN11xercesc_2_88AttrImpl13makeChildNodeEv
                0x0000000000032170                _ZN11xercesc_2_88AttrImpl4itemEj
                0x00000000000321d0                _ZN11xercesc_2_88AttrImpl12insertBeforeEPNS_8NodeImplES2_
                0x00000000000326f0                _ZN11xercesc_2_88AttrImpl9lastChildEv
                0x0000000000032710                _ZN11xercesc_2_88AttrImpl12getLastChildEv
                0x0000000000032720                _ZN11xercesc_2_88AttrImpl13getFirstChildEv
                0x0000000000032730                _ZN11xercesc_2_88AttrImpl8setValueERKNS_9DOMStringE
                0x0000000000032980                _ZN11xercesc_2_88AttrImpl7getNameEv
                0x00000000000329a0                _ZN11xercesc_2_88AttrImpl11getNodeNameEv
                0x00000000000329c0                _ZN11xercesc_2_88AttrImpl8getValueEv
                0x0000000000032b40                _ZN11xercesc_2_88AttrImplD1Ev
                0x0000000000032b40                _ZN11xercesc_2_88AttrImplD2Ev
                0x0000000000032bd0                _ZN11xercesc_2_88AttrImplD0Ev
                0x0000000000032bf0                _ZN11xercesc_2_88AttrImplC1ERKS0_b
                0x0000000000032bf0                _ZN11xercesc_2_88AttrImplC2ERKS0_b
                0x0000000000032e40                _ZN11xercesc_2_88AttrImpl9cloneNodeEb
                0x0000000000032ec0                _ZN11xercesc_2_88AttrImplC1EPNS_12DocumentImplERKNS_9DOMStringE
                0x0000000000032ec0                _ZN11xercesc_2_88AttrImplC2EPNS_12DocumentImplERKNS_9DOMStringE
 *fill*         0x0000000000032f85        0xb 90909090
 .text._ZNK11xercesc_2_830ArrayIndexOutOfBoundsException7getTypeEv
                0x0000000000032f90        0x8 LINUX/depdom/AttrImpl.o
                0x0000000000032f90                _ZNK11xercesc_2_830ArrayIndexOutOfBoundsException7getTypeEv
 *fill*         0x0000000000032f98        0x8 90909090
 .text._ZN11xercesc_2_810XMLDeleterD2Ev
                0x0000000000032fa0        0xf LINUX/depdom/AttrImpl.o
                0x0000000000032fa0                _ZN11xercesc_2_810XMLDeleterD1Ev
                0x0000000000032fa0                _ZN11xercesc_2_810XMLDeleterD2Ev
 *fill*         0x0000000000032faf        0x1 90909090
 .text._ZN11xercesc_2_810XMLDeleterD0Ev
                0x0000000000032fb0       0x13 LINUX/depdom/AttrImpl.o
                0x0000000000032fb0                _ZN11xercesc_2_810XMLDeleterD0Ev
 *fill*         0x0000000000032fc3        0xd 90909090
 .text._ZN11xercesc_2_815BaseRefVectorOfINS_9RangeImplEE9elementAtEj
                0x0000000000032fd0       0xa6 LINUX/depdom/AttrImpl.o
                0x0000000000032fd0                _ZN11xercesc_2_815BaseRefVectorOfINS_9RangeImplEE9elementAtEj
 *fill*         0x0000000000033076        0xa 90909090
 .text._ZN11xercesc_2_830ArrayIndexOutOfBoundsExceptionD2Ev
                0x0000000000033080       0x13 LINUX/depdom/AttrImpl.o
                0x0000000000033080                _ZN11xercesc_2_830ArrayIndexOutOfBoundsExceptionD2Ev
                0x0000000000033080                _ZN11xercesc_2_830ArrayIndexOutOfBoundsExceptionD1Ev
 *fill*         0x0000000000033093        0xd 90909090
 .text._ZNK11xercesc_2_830ArrayIndexOutOfBoundsException9duplicateEv
                0x00000000000330a0       0x6c LINUX/depdom/AttrImpl.o
                0x00000000000330a0                _ZNK11xercesc_2_830ArrayIndexOutOfBoundsException9duplicateEv
 *fill*         0x000000000003310c        0x4 90909090
 .text._ZN11xercesc_2_830ArrayIndexOutOfBoundsExceptionD0Ev
                0x0000000000033110       0x20 LINUX/depdom/AttrImpl.o
                0x0000000000033110                _ZN11xercesc_2_830ArrayIndexOutOfBoundsExceptionD0Ev
 .text          0x0000000000033130      0x2b0 LINUX/depdom/AttrMapImpl.o
                0x0000000000033130                _ZN11xercesc_2_811AttrMapImpl17removeNamedItemNSERKNS_9DOMStringES3_
                0x00000000000331d0                _ZN11xercesc_2_811AttrMapImpl15removeNamedItemERKNS_9DOMStringE
                0x0000000000033260                _ZN11xercesc_2_811AttrMapImplD2Ev
                0x0000000000033260                _ZN11xercesc_2_811AttrMapImplD1Ev
                0x0000000000033280                _ZN11xercesc_2_811AttrMapImplD0Ev
                0x00000000000332a0                _ZN11xercesc_2_811AttrMapImplC1EPNS_8NodeImplEPNS_16NamedNodeMapImplE
                0x00000000000332a0                _ZN11xercesc_2_811AttrMapImplC2EPNS_8NodeImplEPNS_16NamedNodeMapImplE
                0x0000000000033330                _ZN11xercesc_2_811AttrMapImplC2EPNS_8NodeImplE
                0x0000000000033330                _ZN11xercesc_2_811AttrMapImplC1EPNS_8NodeImplE
                0x0000000000033350                _ZN11xercesc_2_811AttrMapImpl12cloneAttrMapEPNS_8NodeImplE
 .text._ZN11xercesc_2_811AttrMapImpl11hasDefaultsEv
                0x00000000000333e0        0x5 LINUX/depdom/AttrMapImpl.o
                0x00000000000333e0                _ZN11xercesc_2_811AttrMapImpl11hasDefaultsEv
 *fill*         0x00000000000333e5        0xb 90909090
 .text._ZN11xercesc_2_811AttrMapImpl11hasDefaultsEb
                0x00000000000333f0        0x5 LINUX/depdom/AttrMapImpl.o
                0x00000000000333f0                _ZN11xercesc_2_811AttrMapImpl11hasDefaultsEb
 *fill*         0x00000000000333f5        0xb 90909090
 .text          0x0000000000033400      0xc15 LINUX/depdom/AttrNSImpl.o
                0x0000000000033400                _ZN11xercesc_2_810AttrNSImpl9setPrefixERKNS_9DOMStringE
                0x0000000000033950                _ZN11xercesc_2_810AttrNSImpl12getLocalNameEv
                0x0000000000033970                _ZN11xercesc_2_810AttrNSImpl15getNamespaceURIEv
                0x0000000000033990                _ZN11xercesc_2_810AttrNSImpl9getPrefixEv
                0x00000000000339f0                _ZN11xercesc_2_810AttrNSImplC1ERKS0_b
                0x00000000000339f0                _ZN11xercesc_2_810AttrNSImplC2ERKS0_b
                0x0000000000033af0                _ZN11xercesc_2_810AttrNSImpl9cloneNodeEb
                0x0000000000033b70                _ZN11xercesc_2_810AttrNSImplC2EPNS_12DocumentImplERKNS_9DOMStringE
                0x0000000000033b70                _ZN11xercesc_2_810AttrNSImplC1EPNS_12DocumentImplERKNS_9DOMStringE
                0x0000000000033c20                _ZN11xercesc_2_810AttrNSImplC1EPNS_12DocumentImplERKNS_9DOMStringES5_
                0x0000000000033c20                _ZN11xercesc_2_810AttrNSImplC2EPNS_12DocumentImplERKNS_9DOMStringES5_
 *fill*         0x0000000000034015        0xb 90909090
 .text._ZN11xercesc_2_810AttrNSImplD2Ev
                0x0000000000034020       0x68 LINUX/depdom/AttrNSImpl.o
                0x0000000000034020                _ZN11xercesc_2_810AttrNSImplD2Ev
                0x0000000000034020                _ZN11xercesc_2_810AttrNSImplD1Ev
 *fill*         0x0000000000034088        0x8 90909090
 .text._ZN11xercesc_2_810AttrNSImplD0Ev
                0x0000000000034090       0x70 LINUX/depdom/AttrNSImpl.o
                0x0000000000034090                _ZN11xercesc_2_810AttrNSImplD0Ev
 .text          0x0000000000034100      0x199 LINUX/depdom/CDATASectionImpl.o
                0x0000000000034100                _ZN11xercesc_2_816CDATASectionImpl11getNodeTypeEv
                0x0000000000034110                _ZN11xercesc_2_816CDATASectionImpl18isCDATASectionImplEv
                0x0000000000034130                _ZN11xercesc_2_816CDATASectionImpl22reinitCDATASectionImplEv
                0x0000000000034160                _ZN11xercesc_2_816CDATASectionImpl11getNodeNameEv
                0x00000000000341a0                _ZN11xercesc_2_816CDATASectionImplD2Ev
                0x00000000000341a0                _ZN11xercesc_2_816CDATASectionImplD1Ev
                0x00000000000341c0                _ZN11xercesc_2_816CDATASectionImplD0Ev
                0x00000000000341e0                _ZN11xercesc_2_816CDATASectionImplC1ERKS0_b
                0x00000000000341e0                _ZN11xercesc_2_816CDATASectionImplC2ERKS0_b
                0x0000000000034200                _ZN11xercesc_2_816CDATASectionImpl9cloneNodeEb
                0x0000000000034280                _ZN11xercesc_2_816CDATASectionImplC1EPNS_12DocumentImplERKNS_9DOMStringE
                0x0000000000034280                _ZN11xercesc_2_816CDATASectionImplC2EPNS_12DocumentImplERKNS_9DOMStringE
 *fill*         0x0000000000034299        0x7 90909090
 .text          0x00000000000342a0      0x832 LINUX/depdom/CharacterDataImpl.o
                0x00000000000342a0                _ZN11xercesc_2_817CharacterDataImpl7getDataEv
                0x00000000000342b0                _ZN11xercesc_2_817CharacterDataImpl13substringDataEjj
                0x00000000000342d0                _ZN11xercesc_2_817CharacterDataImpl11replaceDataEjjRKNS_9DOMStringE
                0x00000000000343b0                _ZN11xercesc_2_817CharacterDataImpl7setDataERKNS_9DOMStringE
                0x0000000000034490                _ZN11xercesc_2_817CharacterDataImpl10insertDataEjRKNS_9DOMStringE
                0x0000000000034560                _ZN11xercesc_2_817CharacterDataImpl17getCharDataLengthEv
                0x0000000000034570                _ZN11xercesc_2_817CharacterDataImpl10deleteDataEjj
                0x00000000000346d0                _ZN11xercesc_2_817CharacterDataImpl10appendDataERKNS_9DOMStringE
                0x00000000000347a0                _ZN11xercesc_2_817CharacterDataImpl12setNodeValueERKNS_9DOMStringE
                0x00000000000348f0                _ZN11xercesc_2_817CharacterDataImpl12getNodeValueEv
                0x0000000000034910                _ZN11xercesc_2_817CharacterDataImplD2Ev
                0x0000000000034910                _ZN11xercesc_2_817CharacterDataImplD1Ev
                0x0000000000034960                _ZN11xercesc_2_817CharacterDataImplD0Ev
                0x0000000000034980                _ZN11xercesc_2_817CharacterDataImplC1ERKS0_b
                0x0000000000034980                _ZN11xercesc_2_817CharacterDataImplC2ERKS0_b
                0x0000000000034a30                _ZN11xercesc_2_817CharacterDataImplC1EPNS_12DocumentImplERKNS_9DOMStringE
                0x0000000000034a30                _ZN11xercesc_2_817CharacterDataImplC2EPNS_12DocumentImplERKNS_9DOMStringE
 *fill*         0x0000000000034ad2        0xe 90909090
 .text          0x0000000000034ae0       0xf9 LINUX/depdom/ChildNode.o
                0x0000000000034ae0                _ZN11xercesc_2_89ChildNode14getNextSiblingEv
                0x0000000000034af0                _ZN11xercesc_2_89ChildNode13getParentNodeEv
                0x0000000000034b10                _ZN11xercesc_2_89ChildNode18getPreviousSiblingEv
                0x0000000000034b30                _ZN11xercesc_2_89ChildNodeD2Ev
                0x0000000000034b30                _ZN11xercesc_2_89ChildNodeD1Ev
                0x0000000000034b50                _ZN11xercesc_2_89ChildNodeD0Ev
                0x0000000000034b70                _ZN11xercesc_2_89ChildNodeC1ERKS0_
                0x0000000000034b70                _ZN11xercesc_2_89ChildNodeC2ERKS0_
                0x0000000000034bb0                _ZN11xercesc_2_89ChildNodeC2EPNS_12DocumentImplE
                0x0000000000034bb0                _ZN11xercesc_2_89ChildNodeC1EPNS_12DocumentImplE
 *fill*         0x0000000000034bd9        0x7 90909090
 .text          0x0000000000034be0      0x189 LINUX/depdom/CommentImpl.o
                0x0000000000034be0                _ZN11xercesc_2_811CommentImpl11getNodeTypeEv
                0x0000000000034c00                _ZN11xercesc_2_811CommentImpl17reinitCommentImplEv
                0x0000000000034c30                _ZN11xercesc_2_811CommentImpl11getNodeNameEv
                0x0000000000034c70                _ZN11xercesc_2_811CommentImplD1Ev
                0x0000000000034c70                _ZN11xercesc_2_811CommentImplD2Ev
                0x0000000000034c90                _ZN11xercesc_2_811CommentImplD0Ev
                0x0000000000034cb0                _ZN11xercesc_2_811CommentImplC2ERKS0_b
                0x0000000000034cb0                _ZN11xercesc_2_811CommentImplC1ERKS0_b
                0x0000000000034cd0                _ZN11xercesc_2_811CommentImpl9cloneNodeEb
                0x0000000000034d50                _ZN11xercesc_2_811CommentImplC2EPNS_12DocumentImplERKNS_9DOMStringE
                0x0000000000034d50                _ZN11xercesc_2_811CommentImplC1EPNS_12DocumentImplERKNS_9DOMStringE
 *fill*         0x0000000000034d69        0x7 90909090
 .text          0x0000000000034d70      0x722 LINUX/depdom/DeepNodeListImpl.o
                0x0000000000034d70                _ZN11xercesc_2_816DeepNodeListImpl12unreferencedEv
                0x0000000000034da0                _ZN11xercesc_2_816DeepNodeListImpl22reinitDeepNodeListImplEv
                0x0000000000034dd0                _ZN11xercesc_2_816DeepNodeListImpl24nextMatchingElementAfterEPNS_8NodeImplE
                0x0000000000035050                _ZN11xercesc_2_816DeepNodeListImpl9getLengthEv
                0x0000000000035070                _ZN11xercesc_2_816DeepNodeListImpl4itemEj
                0x0000000000035130                _ZN11xercesc_2_816DeepNodeListImplD1Ev
                0x0000000000035130                _ZN11xercesc_2_816DeepNodeListImplD2Ev
                0x00000000000351b0                _ZN11xercesc_2_816DeepNodeListImplD0Ev
                0x00000000000351d0                _ZN11xercesc_2_816DeepNodeListImplC2EPNS_8NodeImplERKNS_9DOMStringES5_
                0x00000000000351d0                _ZN11xercesc_2_816DeepNodeListImplC1EPNS_8NodeImplERKNS_9DOMStringES5_
                0x0000000000035350                _ZN11xercesc_2_816DeepNodeListImplC2EPNS_8NodeImplERKNS_9DOMStringE
                0x0000000000035350                _ZN11xercesc_2_816DeepNodeListImplC1EPNS_8NodeImplERKNS_9DOMStringE
 *fill*         0x0000000000035492        0xe 90909090
 .text          0x00000000000354a0      0x1f9 LINUX/depdom/DocumentFragmentImpl.o
                0x00000000000354a0                _ZN11xercesc_2_820DocumentFragmentImpl11getNodeTypeEv
                0x00000000000354b0                _ZN11xercesc_2_820DocumentFragmentImpl22isDocumentFragmentImplEv
                0x00000000000354d0                _ZN11xercesc_2_820DocumentFragmentImpl26reinitDocumentFragmentImplEv
                0x0000000000035500                _ZN11xercesc_2_820DocumentFragmentImpl11getNodeNameEv
                0x0000000000035540                _ZN11xercesc_2_820DocumentFragmentImplD1Ev
                0x0000000000035540                _ZN11xercesc_2_820DocumentFragmentImplD2Ev
                0x0000000000035560                _ZN11xercesc_2_820DocumentFragmentImplD0Ev
                0x0000000000035580                _ZN11xercesc_2_820DocumentFragmentImplC1ERKS0_b
                0x0000000000035580                _ZN11xercesc_2_820DocumentFragmentImplC2ERKS0_b
                0x0000000000035600                _ZN11xercesc_2_820DocumentFragmentImpl9cloneNodeEb
                0x0000000000035680                _ZN11xercesc_2_820DocumentFragmentImplC1EPNS_12DocumentImplE
                0x0000000000035680                _ZN11xercesc_2_820DocumentFragmentImplC2EPNS_12DocumentImplE
 *fill*         0x0000000000035699        0x7 90909090
 .text          0x00000000000356a0     0x2c4b LINUX/depdom/DocumentImpl.o
                0x00000000000356a0                _ZN11xercesc_2_812DocumentImpl11getNodeTypeEv
                0x00000000000356b0                _ZN11xercesc_2_812DocumentImpl16getOwnerDocumentEv
                0x00000000000356c0                _ZN11xercesc_2_812DocumentImpl14isDocumentImplEv
                0x00000000000356d0                _ZN11xercesc_2_812DocumentImpl10getDoctypeEv
                0x00000000000356e0                _ZN11xercesc_2_812DocumentImpl18getDocumentElementEv
                0x00000000000356f0                _ZN11xercesc_2_812DocumentImpl10referencedEv
                0x0000000000035700                _ZN11xercesc_2_812DocumentImpl9getRangesEv
                0x0000000000035710                _ZN11xercesc_2_812DocumentImpl7isKidOKEPNS_8NodeImplES2_
                0x00000000000357d0                _ZN11xercesc_2_812DocumentImpl11getUserDataEv
                0x0000000000035800                _ZN11xercesc_2_812DocumentImpl11setUserDataEPv
                0x0000000000035870                _ZN11xercesc_2_812DocumentImpl7changedEv
                0x0000000000035880                _ZN11xercesc_2_812DocumentImpl7changesEv
                0x0000000000035890                _ZN11xercesc_2_812DocumentImpl11getUserDataEPNS_8NodeImplE
                0x00000000000358e0                _ZN11xercesc_2_812DocumentImpl18reinitDocumentImplEv
                0x0000000000035910                _ZN11xercesc_2_812DocumentImpl11removeRangeEPNS_9RangeImplE
                0x0000000000035970                _ZN11xercesc_2_812DocumentImpl11setUserDataEPNS_8NodeImplEPv
                0x0000000000035b70                _ZN11xercesc_2_812DocumentImpl11createRangeEv
                0x0000000000035d40                _ZN11xercesc_2_812DocumentImpl13createXMLDeclERKNS_9DOMStringES3_S3_
                0x0000000000035dd0                _ZN11xercesc_2_812DocumentImpl20indexofQualifiedNameERKNS_9DOMStringE
                0x0000000000035e60                _ZN11xercesc_2_812DocumentImpl14getElementByIdERKNS_9DOMStringE
                0x0000000000035e90                _ZN11xercesc_2_812DocumentImpl22getElementsByTagNameNSERKNS_9DOMStringES3_
                0x0000000000035f10                _ZN11xercesc_2_812DocumentImpl15setDocumentTypeEPNS_16DocumentTypeImplE
                0x0000000000036030                _ZN11xercesc_2_812DocumentImpl10importNodeEPNS_8NodeImplEb
                0x0000000000036ab0                _ZN11xercesc_2_812DocumentImpl12unreferencedEv
                0x0000000000036ac0                _ZN11xercesc_2_812DocumentImpl11removeChildEPNS_8NodeImplE
                0x0000000000036b20                _ZN11xercesc_2_812DocumentImpl9isXMLNameERKNS_9DOMStringE
                0x0000000000036b60                _ZN11xercesc_2_812DocumentImpl17createAttributeNSERKNS_9DOMStringES3_
                0x0000000000036c60                _ZN11xercesc_2_812DocumentImpl15createElementNSERKNS_9DOMStringES3_
                0x0000000000036d60                _ZN11xercesc_2_812DocumentImpl12insertBeforeEPNS_8NodeImplES2_
                0x0000000000036eb0                _ZN11xercesc_2_812DocumentImpl20getElementsByTagNameERKNS_9DOMStringE
                0x0000000000036f20                _ZN11xercesc_2_812DocumentImpl16createTreeWalkerENS_8DOM_NodeEmPNS_14DOM_NodeFilterEbPNS_13MemoryManagerE
                0x0000000000037150                _ZN11xercesc_2_812DocumentImpl18createNodeIteratorENS_8DOM_NodeEmPNS_14DOM_NodeFilterEbPNS_13MemoryManagerE
                0x0000000000037380                _ZN11xercesc_2_812DocumentImpl14createTextNodeERKNS_9DOMStringE
                0x00000000000373f0                _ZN11xercesc_2_812DocumentImpl27createProcessingInstructionERKNS_9DOMStringES3_
                0x00000000000374f0                _ZN11xercesc_2_812DocumentImpl14createNotationERKNS_9DOMStringE
                0x00000000000375e0                _ZN11xercesc_2_812DocumentImpl21createEntityReferenceERKNS_9DOMStringE
                0x00000000000376d0                _ZN11xercesc_2_812DocumentImpl12createEntityERKNS_9DOMStringE
                0x00000000000377c0                _ZN11xercesc_2_812DocumentImpl13createElementEPKt
                0x0000000000037860                _ZN11xercesc_2_812DocumentImpl13createElementERKNS_9DOMStringE
                0x0000000000037990                _ZN11xercesc_2_812DocumentImpl18createDocumentTypeERKNS_9DOMStringES3_S3_
                0x0000000000037aa0                _ZN11xercesc_2_812DocumentImpl18createDocumentTypeERKNS_9DOMStringE
                0x0000000000037b90                _ZN11xercesc_2_812DocumentImpl22createDocumentFragmentEv
                0x0000000000037c00                _ZN11xercesc_2_812DocumentImpl13createCommentERKNS_9DOMStringE
                0x0000000000037c70                _ZN11xercesc_2_812DocumentImpl18createCDATASectionERKNS_9DOMStringE
                0x0000000000037ce0                _ZN11xercesc_2_812DocumentImpl15createAttributeERKNS_9DOMStringE
                0x0000000000037dd0                _ZN11xercesc_2_812DocumentImpl11getNodeNameEv
                0x0000000000037e10                _ZN11xercesc_2_812DocumentImplD2Ev
                0x0000000000037e10                _ZN11xercesc_2_812DocumentImplD1Ev
                0x0000000000037fc0                _ZN11xercesc_2_812DocumentImplD0Ev
                0x0000000000037fe0                _ZN11xercesc_2_812DocumentImplC1ERKNS_9DOMStringES3_PNS_16DocumentTypeImplEPNS_13MemoryManagerE
                0x0000000000037fe0                _ZN11xercesc_2_812DocumentImplC2ERKNS_9DOMStringES3_PNS_16DocumentTypeImplEPNS_13MemoryManagerE
                0x0000000000038130                _ZN11xercesc_2_812DocumentImplC2EPNS_13MemoryManagerE
                0x0000000000038130                _ZN11xercesc_2_812DocumentImplC1EPNS_13MemoryManagerE
                0x0000000000038240                _ZN11xercesc_2_812DocumentImpl9cloneNodeEb
 *fill*         0x00000000000382eb        0x5 90909090
 .text._ZNK11xercesc_2_824IllegalArgumentException7getTypeEv
                0x00000000000382f0        0x8 LINUX/depdom/DocumentImpl.o
                0x00000000000382f0                _ZNK11xercesc_2_824IllegalArgumentException7getTypeEv
 *fill*         0x00000000000382f8        0x8 90909090
 .text._ZNK11xercesc_2_822NoSuchElementException7getTypeEv
                0x0000000000038300        0x8 LINUX/depdom/DocumentImpl.o
                0x0000000000038300                _ZNK11xercesc_2_822NoSuchElementException7getTypeEv
 *fill*         0x0000000000038308        0x8 90909090
 .text._ZN11xercesc_2_811RefVectorOfINS_16NodeIteratorImplEED2Ev
                0x0000000000038310       0x8d LINUX/depdom/DocumentImpl.o
                0x0000000000038310                _ZN11xercesc_2_811RefVectorOfINS_16NodeIteratorImplEED2Ev
                0x0000000000038310                _ZN11xercesc_2_811RefVectorOfINS_16NodeIteratorImplEED1Ev
 *fill*         0x000000000003839d        0x3 90909090
 .text._ZN11xercesc_2_811RefVectorOfINS_14TreeWalkerImplEED2Ev
                0x00000000000383a0       0x8d LINUX/depdom/DocumentImpl.o
                0x00000000000383a0                _ZN11xercesc_2_811RefVectorOfINS_14TreeWalkerImplEED2Ev
                0x00000000000383a0                _ZN11xercesc_2_811RefVectorOfINS_14TreeWalkerImplEED1Ev
 *fill*         0x000000000003842d        0x3 90909090
 .text._ZN11xercesc_2_811RefVectorOfINS_9RangeImplEED2Ev
                0x0000000000038430       0x8d LINUX/depdom/DocumentImpl.o
                0x0000000000038430                _ZN11xercesc_2_811RefVectorOfINS_9RangeImplEED1Ev
                0x0000000000038430                _ZN11xercesc_2_811RefVectorOfINS_9RangeImplEED2Ev
 *fill*         0x00000000000384bd        0x3 90909090
 .text._ZN11xercesc_2_815BaseRefVectorOfINS_16NodeIteratorImplEED2Ev
                0x00000000000384c0        0xf LINUX/depdom/DocumentImpl.o
                0x00000000000384c0                _ZN11xercesc_2_815BaseRefVectorOfINS_16NodeIteratorImplEED2Ev
                0x00000000000384c0                _ZN11xercesc_2_815BaseRefVectorOfINS_16NodeIteratorImplEED1Ev
 *fill*         0x00000000000384cf        0x1 90909090
 .text._ZN11xercesc_2_815BaseRefVectorOfINS_14TreeWalkerImplEED2Ev
                0x00000000000384d0        0xf LINUX/depdom/DocumentImpl.o
                0x00000000000384d0                _ZN11xercesc_2_815BaseRefVectorOfINS_14TreeWalkerImplEED1Ev
                0x00000000000384d0                _ZN11xercesc_2_815BaseRefVectorOfINS_14TreeWalkerImplEED2Ev
 *fill*         0x00000000000384df        0x1 90909090
 .text._ZN11xercesc_2_815BaseRefVectorOfINS_9RangeImplEED2Ev
                0x00000000000384e0        0xf LINUX/depdom/DocumentImpl.o
                0x00000000000384e0                _ZN11xercesc_2_815BaseRefVectorOfINS_9RangeImplEED1Ev
                0x00000000000384e0                _ZN11xercesc_2_815BaseRefVectorOfINS_9RangeImplEED2Ev
 *fill*         0x00000000000384ef        0x1 90909090
 .text._ZN11xercesc_2_814RefHashTableOfIvE14findBucketElemEPKvRj
                0x00000000000384f0       0x60 LINUX/depdom/DocumentImpl.o
                0x00000000000384f0                _ZN11xercesc_2_814RefHashTableOfIvE14findBucketElemEPKvRj
 .text._ZN11xercesc_2_815BaseRefVectorOfINS_9RangeImplEE17removeAllElementsEv
                0x0000000000038550       0x75 LINUX/depdom/DocumentImpl.o
                0x0000000000038550                _ZN11xercesc_2_815BaseRefVectorOfINS_9RangeImplEE17removeAllElementsEv
 *fill*         0x00000000000385c5        0xb 90909090
 .text._ZN11xercesc_2_815BaseRefVectorOfINS_9RangeImplEE17removeLastElementEv
                0x00000000000385d0       0x32 LINUX/depdom/DocumentImpl.o
                0x00000000000385d0                _ZN11xercesc_2_815BaseRefVectorOfINS_9RangeImplEE17removeLastElementEv
 *fill*         0x0000000000038602        0xe 90909090
 .text._ZN11xercesc_2_815BaseRefVectorOfINS_9RangeImplEE7cleanupEv
                0x0000000000038610       0x56 LINUX/depdom/DocumentImpl.o
                0x0000000000038610                _ZN11xercesc_2_815BaseRefVectorOfINS_9RangeImplEE7cleanupEv
 *fill*         0x0000000000038666        0xa 90909090
 .text._ZN11xercesc_2_815BaseRefVectorOfINS_14TreeWalkerImplEE17removeAllElementsEv
                0x0000000000038670       0x75 LINUX/depdom/DocumentImpl.o
                0x0000000000038670                _ZN11xercesc_2_815BaseRefVectorOfINS_14TreeWalkerImplEE17removeAllElementsEv
 *fill*         0x00000000000386e5        0xb 90909090
 .text._ZN11xercesc_2_815BaseRefVectorOfINS_14TreeWalkerImplEE17removeLastElementEv
                0x00000000000386f0       0x32 LINUX/depdom/DocumentImpl.o
                0x00000000000386f0                _ZN11xercesc_2_815BaseRefVectorOfINS_14TreeWalkerImplEE17removeLastElementEv
 *fill*         0x0000000000038722        0xe 90909090
 .text._ZN11xercesc_2_815BaseRefVectorOfINS_14TreeWalkerImplEE7cleanupEv
                0x0000000000038730       0x56 LINUX/depdom/DocumentImpl.o
                0x0000000000038730                _ZN11xercesc_2_815BaseRefVectorOfINS_14TreeWalkerImplEE7cleanupEv
 *fill*         0x0000000000038786        0xa 90909090
 .text._ZN11xercesc_2_815BaseRefVectorOfINS_16NodeIteratorImplEE17removeAllElementsEv
                0x0000000000038790       0x75 LINUX/depdom/DocumentImpl.o
                0x0000000000038790                _ZN11xercesc_2_815BaseRefVectorOfINS_16NodeIteratorImplEE17removeAllElementsEv
 *fill*         0x0000000000038805        0xb 90909090
 .text._ZN11xercesc_2_815BaseRefVectorOfINS_16NodeIteratorImplEE17removeLastElementEv
                0x0000000000038810       0x32 LINUX/depdom/DocumentImpl.o
                0x0000000000038810                _ZN11xercesc_2_815BaseRefVectorOfINS_16NodeIteratorImplEE17removeLastElementEv
 *fill*         0x0000000000038842        0xe 90909090
 .text._ZN11xercesc_2_815BaseRefVectorOfINS_16NodeIteratorImplEE7cleanupEv
                0x0000000000038850       0x56 LINUX/depdom/DocumentImpl.o
                0x0000000000038850                _ZN11xercesc_2_815BaseRefVectorOfINS_16NodeIteratorImplEE7cleanupEv
 *fill*         0x00000000000388a6        0xa 90909090
 .text._ZN11xercesc_2_815BaseRefVectorOfINS_9RangeImplEED0Ev
                0x00000000000388b0       0x13 LINUX/depdom/DocumentImpl.o
                0x00000000000388b0                _ZN11xercesc_2_815BaseRefVectorOfINS_9RangeImplEED0Ev
 *fill*         0x00000000000388c3        0xd 90909090
 .text._ZN11xercesc_2_815BaseRefVectorOfINS_14TreeWalkerImplEED0Ev
                0x00000000000388d0       0x13 LINUX/depdom/DocumentImpl.o
                0x00000000000388d0                _ZN11xercesc_2_815BaseRefVectorOfINS_14TreeWalkerImplEED0Ev
 *fill*         0x00000000000388e3        0xd 90909090
 .text._ZN11xercesc_2_815BaseRefVectorOfINS_16NodeIteratorImplEED0Ev
                0x00000000000388f0       0x13 LINUX/depdom/DocumentImpl.o
                0x00000000000388f0                _ZN11xercesc_2_815BaseRefVectorOfINS_16NodeIteratorImplEED0Ev
 *fill*         0x0000000000038903        0xd 90909090
 .text._ZN11xercesc_2_811RefVectorOfINS_9RangeImplEED0Ev
                0x0000000000038910       0x12 LINUX/depdom/DocumentImpl.o
                0x0000000000038910                _ZN11xercesc_2_811RefVectorOfINS_9RangeImplEED0Ev
 *fill*         0x0000000000038922        0xe 90909090
 .text._ZN11xercesc_2_811RefVectorOfINS_14TreeWalkerImplEED0Ev
                0x0000000000038930       0x12 LINUX/depdom/DocumentImpl.o
                0x0000000000038930                _ZN11xercesc_2_811RefVectorOfINS_14TreeWalkerImplEED0Ev
 *fill*         0x0000000000038942        0xe 90909090
 .text._ZN11xercesc_2_811RefVectorOfINS_16NodeIteratorImplEED0Ev
                0x0000000000038950       0x12 LINUX/depdom/DocumentImpl.o
                0x0000000000038950                _ZN11xercesc_2_811RefVectorOfINS_16NodeIteratorImplEED0Ev
 *fill*         0x0000000000038962        0xe 90909090
 .text._ZN11xercesc_2_814RefHashTableOfIvE10initializeEj
                0x0000000000038970       0xce LINUX/depdom/DocumentImpl.o
                0x0000000000038970                _ZN11xercesc_2_814RefHashTableOfIvE10initializeEj
 *fill*         0x0000000000038a3e        0x2 90909090
 .text._ZN11xercesc_2_824IllegalArgumentExceptionD2Ev
                0x0000000000038a40       0x13 LINUX/depdom/DocumentImpl.o
                0x0000000000038a40                _ZN11xercesc_2_824IllegalArgumentExceptionD1Ev
                0x0000000000038a40                _ZN11xercesc_2_824IllegalArgumentExceptionD2Ev
 *fill*         0x0000000000038a53        0xd 90909090
 .text._ZN11xercesc_2_814RefHashTableOfIvE9removeKeyEPKv
                0x0000000000038a60      0x128 LINUX/depdom/DocumentImpl.o
                0x0000000000038a60                _ZN11xercesc_2_814RefHashTableOfIvE9removeKeyEPKv
 *fill*         0x0000000000038b88        0x8 90909090
 .text._ZN11xercesc_2_822NoSuchElementExceptionD2Ev
                0x0000000000038b90       0x13 LINUX/depdom/DocumentImpl.o
                0x0000000000038b90                _ZN11xercesc_2_822NoSuchElementExceptionD1Ev
                0x0000000000038b90                _ZN11xercesc_2_822NoSuchElementExceptionD2Ev
 *fill*         0x0000000000038ba3        0xd 90909090
 .text._ZNK11xercesc_2_824IllegalArgumentException9duplicateEv
                0x0000000000038bb0       0x6c LINUX/depdom/DocumentImpl.o
                0x0000000000038bb0                _ZNK11xercesc_2_824IllegalArgumentException9duplicateEv
 *fill*         0x0000000000038c1c        0x4 90909090
 .text._ZNK11xercesc_2_822NoSuchElementException9duplicateEv
                0x0000000000038c20       0x6c LINUX/depdom/DocumentImpl.o
                0x0000000000038c20                _ZNK11xercesc_2_822NoSuchElementException9duplicateEv
 *fill*         0x0000000000038c8c        0x4 90909090
 .text._ZN11xercesc_2_812ArrayJanitorIPNS_22RefHashTableBucketElemIvEEED2Ev
                0x0000000000038c90       0x3a LINUX/depdom/DocumentImpl.o
                0x0000000000038c90                _ZN11xercesc_2_812ArrayJanitorIPNS_22RefHashTableBucketElemIvEEED2Ev
                0x0000000000038c90                _ZN11xercesc_2_812ArrayJanitorIPNS_22RefHashTableBucketElemIvEEED1Ev
 *fill*         0x0000000000038cca        0x6 90909090
 .text._ZN11xercesc_2_814RefHashTableOfIvE6rehashEv
                0x0000000000038cd0       0xfd LINUX/depdom/DocumentImpl.o
                0x0000000000038cd0                _ZN11xercesc_2_814RefHashTableOfIvE6rehashEv
 *fill*         0x0000000000038dcd        0x3 90909090
 .text._ZN11xercesc_2_822NoSuchElementExceptionD0Ev
                0x0000000000038dd0       0x20 LINUX/depdom/DocumentImpl.o
                0x0000000000038dd0                _ZN11xercesc_2_822NoSuchElementExceptionD0Ev
 .text._ZN11xercesc_2_824IllegalArgumentExceptionD0Ev
                0x0000000000038df0       0x20 LINUX/depdom/DocumentImpl.o
                0x0000000000038df0                _ZN11xercesc_2_824IllegalArgumentExceptionD0Ev
 .text._ZN11xercesc_2_815BaseRefVectorOfINS_9RangeImplEE12setElementAtEPS1_j
                0x0000000000038e10       0xe6 LINUX/depdom/DocumentImpl.o
                0x0000000000038e10                _ZN11xercesc_2_815BaseRefVectorOfINS_9RangeImplEE12setElementAtEPS1_j
 *fill*         0x0000000000038ef6        0xa 90909090
 .text._ZN11xercesc_2_815BaseRefVectorOfINS_14TreeWalkerImplEE12setElementAtEPS1_j
                0x0000000000038f00       0xe6 LINUX/depdom/DocumentImpl.o
                0x0000000000038f00                _ZN11xercesc_2_815BaseRefVectorOfINS_14TreeWalkerImplEE12setElementAtEPS1_j
 *fill*         0x0000000000038fe6        0xa 90909090
 .text._ZN11xercesc_2_815BaseRefVectorOfINS_16NodeIteratorImplEE12setElementAtEPS1_j
                0x0000000000038ff0       0xe6 LINUX/depdom/DocumentImpl.o
                0x0000000000038ff0                _ZN11xercesc_2_815BaseRefVectorOfINS_16NodeIteratorImplEE12setElementAtEPS1_j
 *fill*         0x00000000000390d6        0xa 90909090
 .text._ZN11xercesc_2_815BaseRefVectorOfINS_16NodeIteratorImplEE15removeElementAtEj
                0x00000000000390e0      0x116 LINUX/depdom/DocumentImpl.o
                0x00000000000390e0                _ZN11xercesc_2_815BaseRefVectorOfINS_16NodeIteratorImplEE15removeElementAtEj
 *fill*         0x00000000000391f6        0xa 90909090
 .text._ZN11xercesc_2_815BaseRefVectorOfINS_9RangeImplEE15removeElementAtEj
                0x0000000000039200      0x116 LINUX/depdom/DocumentImpl.o
                0x0000000000039200                _ZN11xercesc_2_815BaseRefVectorOfINS_9RangeImplEE15removeElementAtEj
 *fill*         0x0000000000039316        0xa 90909090
 .text._ZN11xercesc_2_815BaseRefVectorOfINS_14TreeWalkerImplEE15removeElementAtEj
                0x0000000000039320      0x116 LINUX/depdom/DocumentImpl.o
                0x0000000000039320                _ZN11xercesc_2_815BaseRefVectorOfINS_14TreeWalkerImplEE15removeElementAtEj
 *fill*         0x0000000000039436        0xa 90909090
 .text          0x0000000000039440      0xa97 LINUX/depdom/DocumentTypeImpl.o
                0x0000000000039440                _ZN11xercesc_2_816DocumentTypeImpl11getNodeTypeEv
                0x0000000000039450                _ZN11xercesc_2_816DocumentTypeImpl11getEntitiesEv
                0x0000000000039460                _ZN11xercesc_2_816DocumentTypeImpl11getElementsEv
                0x0000000000039470                _ZN11xercesc_2_816DocumentTypeImpl12getNotationsEv
                0x0000000000039480                _ZN11xercesc_2_816DocumentTypeImpl18isDocumentTypeImplEv
                0x0000000000039490                _ZN11xercesc_2_816DocumentTypeImpl18isIntSubsetReadingEv
                0x00000000000394a0                _ZN11xercesc_2_816DocumentTypeImpl17setInternalSubsetERKNS_9DOMStringE
                0x0000000000039520                _ZN11xercesc_2_816DocumentTypeImpl11setSystemIdERKNS_9DOMStringE
                0x00000000000395a0                _ZN11xercesc_2_816DocumentTypeImpl11setPublicIdERKNS_9DOMStringE
                0x0000000000039620                _ZN11xercesc_2_816DocumentTypeImpl17getInternalSubsetEv
                0x0000000000039640                _ZN11xercesc_2_816DocumentTypeImpl11getSystemIdEv
                0x0000000000039660                _ZN11xercesc_2_816DocumentTypeImpl11getPublicIdEv
                0x0000000000039680                _ZN11xercesc_2_816DocumentTypeImpl7getNameEv
                0x00000000000396a0                _ZN11xercesc_2_816DocumentTypeImpl11getNodeNameEv
                0x00000000000396c0                _ZN11xercesc_2_816DocumentTypeImpl11setReadOnlyEbb
                0x0000000000039710                _ZN11xercesc_2_816DocumentTypeImpl16setOwnerDocumentEPNS_12DocumentImplE
                0x0000000000039760                _ZN11xercesc_2_816DocumentTypeImplD2Ev
                0x0000000000039760                _ZN11xercesc_2_816DocumentTypeImplD1Ev
                0x0000000000039870                _ZN11xercesc_2_816DocumentTypeImplD0Ev
                0x0000000000039890                _ZN11xercesc_2_816DocumentTypeImplC2ERKS0_b
                0x0000000000039890                _ZN11xercesc_2_816DocumentTypeImplC1ERKS0_b
                0x0000000000039aa0                _ZN11xercesc_2_816DocumentTypeImpl9cloneNodeEb
                0x0000000000039b00                _ZN11xercesc_2_816DocumentTypeImplC1EPNS_12DocumentImplERKNS_9DOMStringES5_S5_
                0x0000000000039b00                _ZN11xercesc_2_816DocumentTypeImplC2EPNS_12DocumentImplERKNS_9DOMStringES5_S5_
                0x0000000000039d40                _ZN11xercesc_2_816DocumentTypeImplC1EPNS_12DocumentImplERKNS_9DOMStringE
                0x0000000000039d40                _ZN11xercesc_2_816DocumentTypeImplC2EPNS_12DocumentImplERKNS_9DOMStringE
 *fill*         0x0000000000039ed7        0x9 90909090
 .text          0x0000000000039ee0      0x115 LINUX/depdom/DOM_Attr.o
                0x0000000000039ee0                _ZNK11xercesc_2_88DOM_Attr12getSpecifiedEv
                0x0000000000039ef0                _ZNK11xercesc_2_88DOM_Attr8getValueEv
                0x0000000000039f10                _ZN11xercesc_2_88DOM_Attr8setValueERKNS_9DOMStringE
                0x0000000000039f20                _ZNK11xercesc_2_88DOM_Attr15getOwnerElementEv
                0x0000000000039f40                _ZNK11xercesc_2_88DOM_Attr7getNameEv
                0x0000000000039fa0                _ZN11xercesc_2_88DOM_AttraSEPKNS_11DOM_NullPtrE
                0x0000000000039fb0                _ZN11xercesc_2_88DOM_AttraSERKS0_
                0x0000000000039fc0                _ZN11xercesc_2_88DOM_AttrD1Ev
                0x0000000000039fc0                _ZN11xercesc_2_88DOM_AttrD2Ev
                0x0000000000039fd0                _ZN11xercesc_2_88DOM_AttrC2EPNS_8AttrImplE
                0x0000000000039fd0                _ZN11xercesc_2_88DOM_AttrC1EPNS_8AttrImplE
                0x0000000000039fe0                _ZN11xercesc_2_88DOM_AttrC2Ev
                0x0000000000039fe0                _ZN11xercesc_2_88DOM_AttrC1Ev
                0x0000000000039ff0                _ZN11xercesc_2_88DOM_AttrC1ERKS0_
                0x0000000000039ff0                _ZN11xercesc_2_88DOM_AttrC2ERKS0_
 *fill*         0x0000000000039ff5        0xb 90909090
 .text          0x000000000003a000       0x55 LINUX/depdom/DOM_CDATASection.o
                0x000000000003a000                _ZN11xercesc_2_816DOM_CDATASectionaSEPKNS_11DOM_NullPtrE
                0x000000000003a010                _ZN11xercesc_2_816DOM_CDATASectionaSERKS0_
                0x000000000003a020                _ZN11xercesc_2_816DOM_CDATASectionD1Ev
                0x000000000003a020                _ZN11xercesc_2_816DOM_CDATASectionD2Ev
                0x000000000003a030                _ZN11xercesc_2_816DOM_CDATASectionC1EPNS_16CDATASectionImplE
                0x000000000003a030                _ZN11xercesc_2_816DOM_CDATASectionC2EPNS_16CDATASectionImplE
                0x000000000003a040                _ZN11xercesc_2_816DOM_CDATASectionC1Ev
                0x000000000003a040                _ZN11xercesc_2_816DOM_CDATASectionC2Ev
                0x000000000003a050                _ZN11xercesc_2_816DOM_CDATASectionC2ERKS0_
                0x000000000003a050                _ZN11xercesc_2_816DOM_CDATASectionC1ERKS0_
 *fill*         0x000000000003a055        0xb 90909090
 .text          0x000000000003a060       0xf7 LINUX/depdom/DOM_CharacterData.o
                0x000000000003a060                _ZN11xercesc_2_817DOM_CharacterData7setDataERKNS_9DOMStringE
                0x000000000003a070                _ZNK11xercesc_2_817DOM_CharacterData9getLengthEv
                0x000000000003a080                _ZNK11xercesc_2_817DOM_CharacterData13substringDataEjj
                0x000000000003a0a0                _ZN11xercesc_2_817DOM_CharacterData10appendDataERKNS_9DOMStringE
                0x000000000003a0b0                _ZN11xercesc_2_817DOM_CharacterData10insertDataEjRKNS_9DOMStringE
                0x000000000003a0c0                _ZN11xercesc_2_817DOM_CharacterData10deleteDataEjj
                0x000000000003a0d0                _ZN11xercesc_2_817DOM_CharacterData11replaceDataEjjRKNS_9DOMStringE
                0x000000000003a0e0                _ZNK11xercesc_2_817DOM_CharacterData7getDataEv
                0x000000000003a100                _ZN11xercesc_2_817DOM_CharacterDataaSEPKNS_11DOM_NullPtrE
                0x000000000003a110                _ZN11xercesc_2_817DOM_CharacterDataaSERKS0_
                0x000000000003a120                _ZN11xercesc_2_817DOM_CharacterDataD1Ev
                0x000000000003a120                _ZN11xercesc_2_817DOM_CharacterDataD2Ev
                0x000000000003a130                _ZN11xercesc_2_817DOM_CharacterDataC1ERKS0_
                0x000000000003a130                _ZN11xercesc_2_817DOM_CharacterDataC2ERKS0_
                0x000000000003a140                _ZN11xercesc_2_817DOM_CharacterDataC2EPNS_17CharacterDataImplE
                0x000000000003a140                _ZN11xercesc_2_817DOM_CharacterDataC1EPNS_17CharacterDataImplE
                0x000000000003a150                _ZN11xercesc_2_817DOM_CharacterDataC1Ev
                0x000000000003a150                _ZN11xercesc_2_817DOM_CharacterDataC2Ev
 *fill*         0x000000000003a157        0x9 90909090
 .text          0x000000000003a160       0x55 LINUX/depdom/DOM_Comment.o
                0x000000000003a160                _ZN11xercesc_2_811DOM_CommentaSEPKNS_11DOM_NullPtrE
                0x000000000003a170                _ZN11xercesc_2_811DOM_CommentaSERKS0_
                0x000000000003a180                _ZN11xercesc_2_811DOM_CommentD1Ev
                0x000000000003a180                _ZN11xercesc_2_811DOM_CommentD2Ev
                0x000000000003a190                _ZN11xercesc_2_811DOM_CommentC1EPNS_11CommentImplE
                0x000000000003a190                _ZN11xercesc_2_811DOM_CommentC2EPNS_11CommentImplE
                0x000000000003a1a0                _ZN11xercesc_2_811DOM_CommentC1Ev
                0x000000000003a1a0                _ZN11xercesc_2_811DOM_CommentC2Ev
                0x000000000003a1b0                _ZN11xercesc_2_811DOM_CommentC2ERKS0_
                0x000000000003a1b0                _ZN11xercesc_2_811DOM_CommentC1ERKS0_
 *fill*         0x000000000003a1b5        0xb 90909090
 .text          0x000000000003a1c0       0x55 LINUX/depdom/DOM_DocumentFragment.o
                0x000000000003a1c0                _ZN11xercesc_2_820DOM_DocumentFragmentaSEPKNS_11DOM_NullPtrE
                0x000000000003a1d0                _ZN11xercesc_2_820DOM_DocumentFragmentaSERKS0_
                0x000000000003a1e0                _ZN11xercesc_2_820DOM_DocumentFragmentD1Ev
                0x000000000003a1e0                _ZN11xercesc_2_820DOM_DocumentFragmentD2Ev
                0x000000000003a1f0                _ZN11xercesc_2_820DOM_DocumentFragmentC2EPNS_20DocumentFragmentImplE
                0x000000000003a1f0                _ZN11xercesc_2_820DOM_DocumentFragmentC1EPNS_20DocumentFragmentImplE
                0x000000000003a200                _ZN11xercesc_2_820DOM_DocumentFragmentC1Ev
                0x000000000003a200                _ZN11xercesc_2_820DOM_DocumentFragmentC2Ev
                0x000000000003a210                _ZN11xercesc_2_820DOM_DocumentFragmentC1ERKS0_
                0x000000000003a210                _ZN11xercesc_2_820DOM_DocumentFragmentC2ERKS0_
 *fill*         0x000000000003a215        0xb 90909090
 .text          0x000000000003a220      0x638 LINUX/depdom/DOM_Document.o
                0x000000000003a220                _ZN11xercesc_2_812DOM_Document16setErrorCheckingEb
                0x000000000003a230                _ZN11xercesc_2_812DOM_Document16getErrorCheckingEv
                0x000000000003a240                _ZN11xercesc_2_812DOM_Document11createRangeEv
                0x000000000003a260                _ZN11xercesc_2_812DOM_Document13createXMLDeclERKNS_9DOMStringES3_S3_
                0x000000000003a290                _ZN11xercesc_2_812DOM_Document14getElementByIdERKNS_9DOMStringE
                0x000000000003a2c0                _ZN11xercesc_2_812DOM_Document15createElementNSERKNS_9DOMStringES3_
                0x000000000003a2f0                _ZN11xercesc_2_812DOM_Document13createElementEPKt
                0x000000000003a320                _ZN11xercesc_2_812DOM_Document13createElementERKNS_9DOMStringE
                0x000000000003a350                _ZNK11xercesc_2_812DOM_Document18getDocumentElementEv
                0x000000000003a370                _ZNK11xercesc_2_812DOM_Document22getElementsByTagNameNSERKNS_9DOMStringES3_
                0x000000000003a3a0                _ZNK11xercesc_2_812DOM_Document20getElementsByTagNameERKNS_9DOMStringE
                0x000000000003a3d0                _ZN11xercesc_2_812DOM_Document17createAttributeNSERKNS_9DOMStringES3_
                0x000000000003a400                _ZN11xercesc_2_812DOM_Document15createAttributeERKNS_9DOMStringE
                0x000000000003a430                _ZN11xercesc_2_812DOM_Document10importNodeERKNS_8DOM_NodeEb
                0x000000000003a460                _ZN11xercesc_2_812DOM_Document16createTreeWalkerENS_8DOM_NodeEmPNS_14DOM_NodeFilterEb
                0x000000000003a510                _ZN11xercesc_2_812DOM_Document18createNodeIteratorENS_8DOM_NodeEmPNS_14DOM_NodeFilterEb
                0x000000000003a5c0                _ZN11xercesc_2_812DOM_Document21createEntityReferenceERKNS_9DOMStringE
                0x000000000003a5f0                _ZN11xercesc_2_812DOM_Document27createProcessingInstructionERKNS_9DOMStringES3_
                0x000000000003a620                _ZN11xercesc_2_812DOM_Document18createCDATASectionERKNS_9DOMStringE
                0x000000000003a650                _ZN11xercesc_2_812DOM_Document13createCommentERKNS_9DOMStringE
                0x000000000003a680                _ZN11xercesc_2_812DOM_Document14createTextNodeERKNS_9DOMStringE
                0x000000000003a6b0                _ZN11xercesc_2_812DOM_Document18createDocumentTypeERKNS_9DOMStringE
                0x000000000003a6e0                _ZNK11xercesc_2_812DOM_Document10getDoctypeEv
                0x000000000003a700                _ZN11xercesc_2_812DOM_Document22createDocumentFragmentEv
                0x000000000003a720                _ZN11xercesc_2_812DOM_Document12createEntityERKNS_9DOMStringE
                0x000000000003a750                _ZNK11xercesc_2_812DOM_Document17getImplementationEv
                0x000000000003a760                _ZN11xercesc_2_812DOM_Document14createNotationERKNS_9DOMStringE
                0x000000000003a790                _ZN11xercesc_2_812DOM_DocumentaSEPKNS_11DOM_NullPtrE
                0x000000000003a7a0                _ZN11xercesc_2_812DOM_DocumentaSERKS0_
                0x000000000003a7b0                _ZN11xercesc_2_812DOM_DocumentD1Ev
                0x000000000003a7b0                _ZN11xercesc_2_812DOM_DocumentD2Ev
                0x000000000003a7c0                _ZN11xercesc_2_812DOM_DocumentC1ERKS0_
                0x000000000003a7c0                _ZN11xercesc_2_812DOM_DocumentC2ERKS0_
                0x000000000003a7d0                _ZN11xercesc_2_812DOM_DocumentC2Ev
                0x000000000003a7d0                _ZN11xercesc_2_812DOM_DocumentC1Ev
                0x000000000003a7e0                _ZN11xercesc_2_812DOM_DocumentC1EPNS_12DocumentImplE
                0x000000000003a7e0                _ZN11xercesc_2_812DOM_DocumentC2EPNS_12DocumentImplE
                0x000000000003a7f0                _ZN11xercesc_2_812DOM_Document14createDocumentEPNS_13MemoryManagerE
 *fill*         0x000000000003a858        0x8 90909090
 .text          0x000000000003a860      0x225 LINUX/depdom/DOM_DocumentType.o
                0x000000000003a860                _ZNK11xercesc_2_816DOM_DocumentType17getInternalSubsetEv
                0x000000000003a8c0                _ZNK11xercesc_2_816DOM_DocumentType11getSystemIdEv
                0x000000000003a920                _ZNK11xercesc_2_816DOM_DocumentType11getPublicIdEv
                0x000000000003a980                _ZNK11xercesc_2_816DOM_DocumentType7getNameEv
                0x000000000003a9e0                _ZNK11xercesc_2_816DOM_DocumentType12getNotationsEv
                0x000000000003aa00                _ZNK11xercesc_2_816DOM_DocumentType11getEntitiesEv
                0x000000000003aa20                _ZN11xercesc_2_816DOM_DocumentTypeaSEPKNS_11DOM_NullPtrE
                0x000000000003aa30                _ZN11xercesc_2_816DOM_DocumentTypeaSERKS0_
                0x000000000003aa40                _ZN11xercesc_2_816DOM_DocumentTypeD2Ev
                0x000000000003aa40                _ZN11xercesc_2_816DOM_DocumentTypeD1Ev
                0x000000000003aa50                _ZN11xercesc_2_816DOM_DocumentTypeC1EPNS_16DocumentTypeImplE
                0x000000000003aa50                _ZN11xercesc_2_816DOM_DocumentTypeC2EPNS_16DocumentTypeImplE
                0x000000000003aa60                _ZN11xercesc_2_816DOM_DocumentTypeC1Ei
                0x000000000003aa60                _ZN11xercesc_2_816DOM_DocumentTypeC2Ei
                0x000000000003aa70                _ZN11xercesc_2_816DOM_DocumentTypeC1Ev
                0x000000000003aa70                _ZN11xercesc_2_816DOM_DocumentTypeC2Ev
                0x000000000003aa80                _ZN11xercesc_2_816DOM_DocumentTypeC1ERKS0_
                0x000000000003aa80                _ZN11xercesc_2_816DOM_DocumentTypeC2ERKS0_
 *fill*         0x000000000003aa85        0xb 90909090
 .text          0x000000000003aa90      0x106 LINUX/depdom/DOM_DOMException.o
                0x000000000003aa90                _ZN11xercesc_2_816DOM_DOMExceptionD2Ev
                0x000000000003aa90                _ZN11xercesc_2_816DOM_DOMExceptionD1Ev
                0x000000000003aab0                _ZN11xercesc_2_816DOM_DOMExceptionD0Ev
                0x000000000003aad0                _ZN11xercesc_2_816DOM_DOMExceptionC1ERKS0_
                0x000000000003aad0                _ZN11xercesc_2_816DOM_DOMExceptionC2ERKS0_
                0x000000000003ab20                _ZN11xercesc_2_816DOM_DOMExceptionC2EsRKNS_9DOMStringE
                0x000000000003ab20                _ZN11xercesc_2_816DOM_DOMExceptionC1EsRKNS_9DOMStringE
                0x000000000003ab70                _ZN11xercesc_2_816DOM_DOMExceptionC1Ev
                0x000000000003ab70                _ZN11xercesc_2_816DOM_DOMExceptionC2Ev
 *fill*         0x000000000003ab96        0xa 90909090
 .text          0x000000000003aba0      0x6e6 LINUX/depdom/DOM_DOMImplementation.o
                0x000000000003aba0                _ZN11xercesc_2_821DOM_DOMImplementationC2Ev
                0x000000000003aba0                _ZN11xercesc_2_821DOM_DOMImplementationC1Ev
                0x000000000003abb0                _ZN11xercesc_2_821DOM_DOMImplementationC2ERKS0_
                0x000000000003abb0                _ZN11xercesc_2_821DOM_DOMImplementationC1ERKS0_
                0x000000000003abc0                _ZN11xercesc_2_821DOM_DOMImplementationD2Ev
                0x000000000003abc0                _ZN11xercesc_2_821DOM_DOMImplementationD1Ev
                0x000000000003abd0                _ZN11xercesc_2_821DOM_DOMImplementationaSERKS0_
                0x000000000003ac20                _ZN11xercesc_2_821DOM_DOMImplementation27reinitDOM_DOMImplementationEv
                0x000000000003ad10                _ZN11xercesc_2_821DOM_DOMImplementation14createDocumentERKNS_9DOMStringES3_RKNS_16DOM_DocumentTypeEPNS_13MemoryManagerE
                0x000000000003add0                _ZN11xercesc_2_821DOM_DOMImplementation18createDocumentTypeERKNS_9DOMStringES3_S3_
                0x000000000003af30                _ZN11xercesc_2_821DOM_DOMImplementation10hasFeatureERKNS_9DOMStringES3_
                0x000000000003b180                _ZN11xercesc_2_821DOM_DOMImplementation17getImplementationEv
 *fill*         0x000000000003b286        0xa 90909090
 .text          0x000000000003b290      0x335 LINUX/depdom/DOM_Element.o
                0x000000000003b290                _ZN11xercesc_2_811DOM_Element12setAttributeERKNS_9DOMStringES3_
                0x000000000003b2a0                _ZN11xercesc_2_811DOM_Element15removeAttributeERKNS_9DOMStringE
                0x000000000003b2b0                _ZN11xercesc_2_811DOM_Element14setAttributeNSERKNS_9DOMStringES3_S3_
                0x000000000003b2c0                _ZN11xercesc_2_811DOM_Element17removeAttributeNSERKNS_9DOMStringES3_
                0x000000000003b2d0                _ZNK11xercesc_2_811DOM_Element13hasAttributesEv
                0x000000000003b2e0                _ZNK11xercesc_2_811DOM_Element12hasAttributeERKNS_9DOMStringE
                0x000000000003b2f0                _ZNK11xercesc_2_811DOM_Element14hasAttributeNSERKNS_9DOMStringES3_
                0x000000000003b300                _ZNK11xercesc_2_811DOM_Element22getElementsByTagNameNSERKNS_9DOMStringES3_
                0x000000000003b330                _ZNK11xercesc_2_811DOM_Element20getElementsByTagNameERKNS_9DOMStringE
                0x000000000003b360                _ZN11xercesc_2_811DOM_Element18setAttributeNodeNSENS_8DOM_AttrE
                0x000000000003b390                _ZNK11xercesc_2_811DOM_Element18getAttributeNodeNSERKNS_9DOMStringES3_
                0x000000000003b3c0                _ZN11xercesc_2_811DOM_Element19removeAttributeNodeENS_8DOM_AttrE
                0x000000000003b3f0                _ZN11xercesc_2_811DOM_Element16setAttributeNodeENS_8DOM_AttrE
                0x000000000003b420                _ZNK11xercesc_2_811DOM_Element16getAttributeNodeERKNS_9DOMStringE
                0x000000000003b450                _ZNK11xercesc_2_811DOM_Element14getAttributeNSERKNS_9DOMStringES3_
                0x000000000003b4b0                _ZNK11xercesc_2_811DOM_Element12getAttributeERKNS_9DOMStringE
                0x000000000003b510                _ZNK11xercesc_2_811DOM_Element10getTagNameEv
                0x000000000003b570                _ZN11xercesc_2_811DOM_ElementaSEPKNS_11DOM_NullPtrE
                0x000000000003b580                _ZN11xercesc_2_811DOM_ElementaSERKS0_
                0x000000000003b590                _ZN11xercesc_2_811DOM_ElementD1Ev
                0x000000000003b590                _ZN11xercesc_2_811DOM_ElementD2Ev
                0x000000000003b5a0                _ZN11xercesc_2_811DOM_ElementC1EPNS_11ElementImplE
                0x000000000003b5a0                _ZN11xercesc_2_811DOM_ElementC2EPNS_11ElementImplE
                0x000000000003b5b0                _ZN11xercesc_2_811DOM_ElementC1Ev
                0x000000000003b5b0                _ZN11xercesc_2_811DOM_ElementC2Ev
                0x000000000003b5c0                _ZN11xercesc_2_811DOM_ElementC1ERKS0_
                0x000000000003b5c0                _ZN11xercesc_2_811DOM_ElementC2ERKS0_
 *fill*         0x000000000003b5c5        0xb 90909090
 .text          0x000000000003b5d0      0x225 LINUX/depdom/DOM_Entity.o
                0x000000000003b5d0                _ZNK11xercesc_2_810DOM_Entity13hasChildNodesEv
                0x000000000003b5e0                _ZNK11xercesc_2_810DOM_Entity14getNextSiblingEv
                0x000000000003b600                _ZNK11xercesc_2_810DOM_Entity18getPreviousSiblingEv
                0x000000000003b620                _ZNK11xercesc_2_810DOM_Entity12getLastChildEv
                0x000000000003b640                _ZNK11xercesc_2_810DOM_Entity13getFirstChildEv
                0x000000000003b660                _ZNK11xercesc_2_810DOM_Entity13getChildNodesEv
                0x000000000003b680                _ZNK11xercesc_2_810DOM_Entity15getNotationNameEv
                0x000000000003b6e0                _ZNK11xercesc_2_810DOM_Entity11getSystemIdEv
                0x000000000003b740                _ZNK11xercesc_2_810DOM_Entity11getPublicIdEv
                0x000000000003b7a0                _ZN11xercesc_2_810DOM_EntityaSEPKNS_11DOM_NullPtrE
                0x000000000003b7b0                _ZN11xercesc_2_810DOM_EntityaSERKS0_
                0x000000000003b7c0                _ZN11xercesc_2_810DOM_EntityD1Ev
                0x000000000003b7c0                _ZN11xercesc_2_810DOM_EntityD2Ev
                0x000000000003b7d0                _ZN11xercesc_2_810DOM_EntityC2EPNS_10EntityImplE
                0x000000000003b7d0                _ZN11xercesc_2_810DOM_EntityC1EPNS_10EntityImplE
                0x000000000003b7e0                _ZN11xercesc_2_810DOM_EntityC2Ev
                0x000000000003b7e0                _ZN11xercesc_2_810DOM_EntityC1Ev
                0x000000000003b7f0                _ZN11xercesc_2_810DOM_EntityC1ERKS0_
                0x000000000003b7f0                _ZN11xercesc_2_810DOM_EntityC2ERKS0_
 *fill*         0x000000000003b7f5        0xb 90909090
 .text          0x000000000003b800       0x55 LINUX/depdom/DOM_EntityReference.o
                0x000000000003b800                _ZN11xercesc_2_819DOM_EntityReferenceaSEPKNS_11DOM_NullPtrE
                0x000000000003b810                _ZN11xercesc_2_819DOM_EntityReferenceaSERKS0_
                0x000000000003b820                _ZN11xercesc_2_819DOM_EntityReferenceD2Ev
                0x000000000003b820                _ZN11xercesc_2_819DOM_EntityReferenceD1Ev
                0x000000000003b830                _ZN11xercesc_2_819DOM_EntityReferenceC1EPNS_19EntityReferenceImplE
                0x000000000003b830                _ZN11xercesc_2_819DOM_EntityReferenceC2EPNS_19EntityReferenceImplE
                0x000000000003b840                _ZN11xercesc_2_819DOM_EntityReferenceC2Ev
                0x000000000003b840                _ZN11xercesc_2_819DOM_EntityReferenceC1Ev
                0x000000000003b850                _ZN11xercesc_2_819DOM_EntityReferenceC1ERKS0_
                0x000000000003b850                _ZN11xercesc_2_819DOM_EntityReferenceC2ERKS0_
 *fill*         0x000000000003b855        0xb 90909090
 .text          0x000000000003b860      0x1b0 LINUX/depdom/DomMemDebug.o
                0x000000000003b860                _ZN11xercesc_2_811DomMemDebugC1Ev
                0x000000000003b860                _ZN11xercesc_2_811DomMemDebugC2Ev
                0x000000000003b8c0                _ZN11xercesc_2_811DomMemDebugD1Ev
                0x000000000003b8c0                _ZN11xercesc_2_811DomMemDebugD2Ev
                0x000000000003b8d0                _ZN11xercesc_2_811DomMemDebugeqERKS0_
                0x000000000003b900                _ZN11xercesc_2_811DomMemDebugneERKS0_
                0x000000000003b920                _ZN11xercesc_2_811DomMemDebugaSERKS0_
                0x000000000003b950                _ZN11xercesc_2_811DomMemDebug5printEv
                0x000000000003b990                _ZN11xercesc_2_811DomMemDebug15printDifferenceERKS0_
 .text          0x000000000003ba10      0x3f8 LINUX/depdom/DOM_NamedNodeMap.o
                0x000000000003ba10                _ZN11xercesc_2_816DOM_NamedNodeMapC2Ev
                0x000000000003ba10                _ZN11xercesc_2_816DOM_NamedNodeMapC1Ev
                0x000000000003ba20                _ZNK11xercesc_2_816DOM_NamedNodeMapeqERKS0_
                0x000000000003ba30                _ZNK11xercesc_2_816DOM_NamedNodeMapneERKS0_
                0x000000000003ba40                _ZNK11xercesc_2_816DOM_NamedNodeMapeqEPKNS_11DOM_NullPtrE
                0x000000000003ba50                _ZNK11xercesc_2_816DOM_NamedNodeMapneEPKNS_11DOM_NullPtrE
                0x000000000003ba60                _ZNK11xercesc_2_816DOM_NamedNodeMap9getLengthEv
                0x000000000003ba90                _ZN11xercesc_2_816DOM_NamedNodeMap17removeNamedItemNSERKNS_9DOMStringES3_
                0x000000000003bae0                _ZN11xercesc_2_816DOM_NamedNodeMap14setNamedItemNSENS_8DOM_NodeE
                0x000000000003bb30                _ZN11xercesc_2_816DOM_NamedNodeMap14getNamedItemNSERKNS_9DOMStringES3_
                0x000000000003bb80                _ZNK11xercesc_2_816DOM_NamedNodeMap4itemEj
                0x000000000003bbd0                _ZN11xercesc_2_816DOM_NamedNodeMap15removeNamedItemERKNS_9DOMStringE
                0x000000000003bc20                _ZN11xercesc_2_816DOM_NamedNodeMap12setNamedItemENS_8DOM_NodeE
                0x000000000003bc70                _ZNK11xercesc_2_816DOM_NamedNodeMap12getNamedItemERKNS_9DOMStringE
                0x000000000003bcc0                _ZN11xercesc_2_816DOM_NamedNodeMapaSEPKNS_11DOM_NullPtrE
                0x000000000003bd00                _ZN11xercesc_2_816DOM_NamedNodeMapD2Ev
                0x000000000003bd00                _ZN11xercesc_2_816DOM_NamedNodeMapD1Ev
                0x000000000003bd20                _ZN11xercesc_2_816DOM_NamedNodeMapC2EPNS_16NamedNodeMapImplE
                0x000000000003bd20                _ZN11xercesc_2_816DOM_NamedNodeMapC1EPNS_16NamedNodeMapImplE
                0x000000000003bd50                _ZN11xercesc_2_816DOM_NamedNodeMapaSERKS0_
                0x000000000003bdc0                _ZN11xercesc_2_816DOM_NamedNodeMapC2EPNS_8NodeImplE
                0x000000000003bdc0                _ZN11xercesc_2_816DOM_NamedNodeMapC1EPNS_8NodeImplE
                0x000000000003bde0                _ZN11xercesc_2_816DOM_NamedNodeMapC1ERKS0_
                0x000000000003bde0                _ZN11xercesc_2_816DOM_NamedNodeMapC2ERKS0_
 *fill*         0x000000000003be08        0x8 90909090
 .text          0x000000000003be10       0x32 LINUX/depdom/DOM_NodeFilter.o
                0x000000000003be10                _ZN11xercesc_2_814DOM_NodeFilterC2Ev
                0x000000000003be10                _ZN11xercesc_2_814DOM_NodeFilterC1Ev
                0x000000000003be20                _ZN11xercesc_2_814DOM_NodeFilterD1Ev
                0x000000000003be20                _ZN11xercesc_2_814DOM_NodeFilterD2Ev
                0x000000000003be30                _ZN11xercesc_2_814DOM_NodeFilterD0Ev
 *fill*         0x000000000003be42        0xe 90909090
 .text          0x000000000003be50      0x19b LINUX/depdom/DOM_NodeIterator.o
                0x000000000003be50                _ZN11xercesc_2_816DOM_NodeIteratorC2Ev
                0x000000000003be50                _ZN11xercesc_2_816DOM_NodeIteratorC1Ev
                0x000000000003be60                _ZNK11xercesc_2_816DOM_NodeIteratorneERKS0_
                0x000000000003be70                _ZNK11xercesc_2_816DOM_NodeIteratoreqERKS0_
                0x000000000003be80                _ZNK11xercesc_2_816DOM_NodeIteratorneEPKNS_11DOM_NullPtrE
                0x000000000003be90                _ZNK11xercesc_2_816DOM_NodeIteratoreqEPKNS_11DOM_NullPtrE
                0x000000000003bea0                _ZN11xercesc_2_816DOM_NodeIterator12previousNodeEv
                0x000000000003bec0                _ZN11xercesc_2_816DOM_NodeIterator8nextNodeEv
                0x000000000003bee0                _ZN11xercesc_2_816DOM_NodeIterator25getExpandEntityReferencesEv
                0x000000000003bf00                _ZN11xercesc_2_816DOM_NodeIterator9getFilterEv
                0x000000000003bf10                _ZN11xercesc_2_816DOM_NodeIterator13getWhatToShowEv
                0x000000000003bf20                _ZN11xercesc_2_816DOM_NodeIterator7getRootEv
                0x000000000003bf40                _ZN11xercesc_2_816DOM_NodeIterator6detachEv
                0x000000000003bf50                _ZN11xercesc_2_816DOM_NodeIteratorD2Ev
                0x000000000003bf50                _ZN11xercesc_2_816DOM_NodeIteratorD1Ev
                0x000000000003bf70                _ZN11xercesc_2_816DOM_NodeIteratoraSEPKNS_11DOM_NullPtrE
                0x000000000003bf90                _ZN11xercesc_2_816DOM_NodeIteratoraSERKS0_
                0x000000000003bfd0                _ZN11xercesc_2_816DOM_NodeIteratorC1ERKS0_
                0x000000000003bfd0                _ZN11xercesc_2_816DOM_NodeIteratorC2ERKS0_
                0x000000000003bfe0                _ZN11xercesc_2_816DOM_NodeIteratorC1EPNS_16NodeIteratorImplE
                0x000000000003bfe0                _ZN11xercesc_2_816DOM_NodeIteratorC2EPNS_16NodeIteratorImplE
 *fill*         0x000000000003bfeb        0x5 90909090
 .text          0x000000000003bff0      0x11b LINUX/depdom/DOM_NodeList.o
                0x000000000003bff0                _ZN11xercesc_2_812DOM_NodeListC2Ev
                0x000000000003bff0                _ZN11xercesc_2_812DOM_NodeListC1Ev
                0x000000000003c000                _ZNK11xercesc_2_812DOM_NodeListeqERKS0_
                0x000000000003c010                _ZNK11xercesc_2_812DOM_NodeListneERKS0_
                0x000000000003c020                _ZNK11xercesc_2_812DOM_NodeListeqEPKNS_11DOM_NullPtrE
                0x000000000003c030                _ZNK11xercesc_2_812DOM_NodeListneEPKNS_11DOM_NullPtrE
                0x000000000003c040                _ZNK11xercesc_2_812DOM_NodeList9getLengthEv
                0x000000000003c050                _ZNK11xercesc_2_812DOM_NodeList4itemEj
                0x000000000003c070                _ZN11xercesc_2_812DOM_NodeListD2Ev
                0x000000000003c070                _ZN11xercesc_2_812DOM_NodeListD1Ev